Archive member included because of file (symbol)

C:\Program Files (x86)\VEX Robotics\VEXcode V5 Text\sdk/vexv5\libv5rt.a(v5_startup.c.obj)
                              (vexStartup)
C:\Program Files (x86)\VEX Robotics\VEXcode V5 Text\sdk/vexv5\libv5rt.a(v5_util.c.obj)
                              C:\Program Files (x86)\VEX Robotics\VEXcode V5 Text\sdk/vexv5\libv5rt.a(v5_startup.c.obj) (vexStdlibVersionLinked)
C:\Program Files (x86)\VEX Robotics\VEXcode V5 Text\sdk/vexv5\libv5rt.a(v5_apijump.c.obj)
                              C:\Program Files (x86)\VEX Robotics\VEXcode V5 Text\sdk/vexv5\libv5rt.a(v5_startup.c.obj) (vexPrivateApiEnable)
C:\Program Files (x86)\VEX Robotics\VEXcode V5 Text\sdk/vexv5\libv5rt.a(v5_apiuser.c.obj)
                              build/src/main.o (vexGenericSerialEnable)
C:\Program Files (x86)\VEX Robotics\VEXcode V5 Text\sdk/vexv5\libv5rt.a(v5_apiversions.c.obj)
                              C:\Program Files (x86)\VEX Robotics\VEXcode V5 Text\sdk/vexv5\libv5rt.a(v5_apijump.c.obj) (vexSystemVersion)
C:\Program Files (x86)\VEX Robotics\VEXcode V5 Text\sdk/vexv5\libv5rt.a(vex_global.cpp.obj)
                              build/src/main.o (vex::PORT20)
C:\Program Files (x86)\VEX Robotics\VEXcode V5 Text\sdk/vexv5\libv5rt.a(vex_device.cpp.obj)
                              build/src/main.o (vex::device::index())
C:\Program Files (x86)\VEX Robotics\VEXcode V5 Text\sdk/vexv5\libv5rt.a(vex_motor.cpp.obj)
                              build/src/main.o (vex::motor::~motor())
C:\Program Files (x86)\VEX Robotics\VEXcode V5 Text\sdk/vexv5\libv5rt.a(vex_controller.cpp.obj)
                              build/src/main.o (vex::controller::~controller())
C:\Program Files (x86)\VEX Robotics\VEXcode V5 Text\sdk/vexv5\libv5rt.a(vex_task.cpp.obj)
                              build/src/main.o (vex::task::sleep(unsigned long))
C:\Program Files (x86)\VEX Robotics\VEXcode V5 Text\sdk/vexv5\libv5rt.a(vex_event.cpp.obj)
                              C:\Program Files (x86)\VEX Robotics\VEXcode V5 Text\sdk/vexv5\libv5rt.a(vex_controller.cpp.obj) (vex::event::init(unsigned long, unsigned long, void (*)()))
C:\Program Files (x86)\VEX Robotics\VEXcode V5 Text\sdk/vexv5\libv5rt.a(vex_mevent.cpp.obj)
                              C:\Program Files (x86)\VEX Robotics\VEXcode V5 Text\sdk/vexv5\libv5rt.a(vex_controller.cpp.obj) (vex::mevent::mevent(unsigned long, unsigned long))
C:\Program Files (x86)\VEX Robotics\VEXcode V5 Text\sdk/vexv5\libv5rt.a(vex_brain.cpp.obj)
                              build/src/main.o (vex::brain::~brain())
C:\Program Files (x86)\VEX Robotics\VEXcode V5 Text\sdk/vexv5\libv5rt.a(vex_competition.cpp.obj)
                              build/src/main.o (vex::competition::competition())
C:\Program Files (x86)\VEX Robotics\VEXcode V5 Text\sdk/vexv5\libv5rt.a(vex_triport.cpp.obj)
                              C:\Program Files (x86)\VEX Robotics\VEXcode V5 Text\sdk/vexv5\libv5rt.a(vex_brain.cpp.obj) (vex::triport::~triport())
C:\Program Files (x86)\VEX Robotics\VEXcode V5 Text\sdk/vexv5\libv5rt.a(vex_color.cpp.obj)
                              C:\Program Files (x86)\VEX Robotics\VEXcode V5 Text\sdk/vexv5\libv5rt.a(vex_brain.cpp.obj) (vex::color::operator unsigned long() const)
C:\Program Files (x86)\VEX Robotics\VEXcode V5 Text\sdk/vexv5\libv5rt.a(vex_timer.cpp.obj)
                              C:\Program Files (x86)\VEX Robotics\VEXcode V5 Text\sdk/vexv5\libv5rt.a(vex_brain.cpp.obj) (vex::timer::~timer())
C:\Program Files (x86)\VEX Robotics\VEXcode V5 Text\sdk/vexv5/gcc/libs\libc.a(lib_a-aeabi_memset-soft.o)
                              build/src/main.o (__aeabi_memset)
C:\Program Files (x86)\VEX Robotics\VEXcode V5 Text\sdk/vexv5/gcc/libs\libc.a(lib_a-fini.o)
                              C:\Program Files (x86)\VEX Robotics\VEXcode V5 Text\sdk/vexv5\libv5rt.a(v5_startup.c.obj) (__libc_fini_array)
C:\Program Files (x86)\VEX Robotics\VEXcode V5 Text\sdk/vexv5/gcc/libs\libc.a(lib_a-impure.o)
                              C:\Program Files (x86)\VEX Robotics\VEXcode V5 Text\sdk/vexv5\libv5rt.a(v5_startup.c.obj) (_impure_ptr)
C:\Program Files (x86)\VEX Robotics\VEXcode V5 Text\sdk/vexv5/gcc/libs\libc.a(lib_a-init.o)
                              C:\Program Files (x86)\VEX Robotics\VEXcode V5 Text\sdk/vexv5\libv5rt.a(v5_startup.c.obj) (__libc_init_array)
C:\Program Files (x86)\VEX Robotics\VEXcode V5 Text\sdk/vexv5/gcc/libs\libc.a(lib_a-tolower.o)
                              C:\Program Files (x86)\VEX Robotics\VEXcode V5 Text\sdk/vexv5\libv5rt.a(vex_brain.cpp.obj) (tolower)
C:\Program Files (x86)\VEX Robotics\VEXcode V5 Text\sdk/vexv5/gcc/libs\libc.a(lib_a-ctype_.o)
                              C:\Program Files (x86)\VEX Robotics\VEXcode V5 Text\sdk/vexv5/gcc/libs\libc.a(lib_a-tolower.o) (__ctype_ptr__)

Allocating common symbols
Common symbol       size              file

[...]
Memory Configuration

Name             Origin             Length             Attributes
ps7_ddr_0_S_AXI_BASEADDR 0x03800000         0x04800000
*default*        0x00000000         0xffffffff

Linker script and memory map

                0x00002000                _STACK_SIZE = DEFINED (_STACK_SIZE)?_STACK_SIZE:0x2000
                0x00100000                _HEAP_SIZE = DEFINED (_HEAP_SIZE)?_HEAP_SIZE:0x100000
                0x00000400                _ABORT_STACK_SIZE = DEFINED (_ABORT_STACK_SIZE)?_ABORT_STACK_SIZE:0x400
                0x00000800                _SUPERVISOR_STACK_SIZE = DEFINED (_SUPERVISOR_STACK_SIZE)?_SUPERVISOR_STACK_SIZE:0x800
                0x00000400                _IRQ_STACK_SIZE = DEFINED (_IRQ_STACK_SIZE)?_IRQ_STACK_SIZE:0x400
                0x00000400                _FIQ_STACK_SIZE = DEFINED (_FIQ_STACK_SIZE)?_FIQ_STACK_SIZE:0x400
                0x00000400                _UNDEF_STACK_SIZE = DEFINED (_UNDEF_STACK_SIZE)?_UNDEF_STACK_SIZE:0x400

.text           0x03800000     0x5bc0
 *(.vectors)
 *(.boot_data)
 .boot_data     0x03800000       0x20 C:\Program Files (x86)\VEX Robotics\VEXcode V5 Text\sdk/vexv5\libv5rt.a(v5_startup.c.obj)
                0x03800000                vexCodeSig
                0x00000020                . = 0x20
 *(.boot)
 .boot          0x03800020       0xbc C:\Program Files (x86)\VEX Robotics\VEXcode V5 Text\sdk/vexv5\libv5rt.a(v5_startup.c.obj)
                0x03800020                vexStartup
                0x03800100                . = ALIGN (0x40)
 *fill*         0x038000dc       0x24 
 *(.freertos_vectors)
 *(.text)
 *(.text.*)
 .text._ZN6Params8getValueEPc
                0x03800100      0x310 build/src/main.o
                0x03800100                Params::getValue(char*)
 .text._ZN9GyroscopeC2Ev
                0x03800410       0x40 build/src/main.o
                0x03800410                Gyroscope::Gyroscope()
 .text._ZN5RobotC2Ei
                0x03800450       0x9c build/src/main.o
                0x03800450                Robot::Robot(int)
 .text._ZN7Chassis4MoveEdd
                0x038004ec      0x100 build/src/main.o
                0x038004ec                Chassis::Move(double, double)
 *fill*         0x038005ec        0x4 
 .text._Z4movedd
                0x038005f0      0x228 build/src/main.o
                0x038005f0                move(double, double)
 .text._ZN7Chassis12LeftVelocityEv
                0x03800818       0x7c build/src/main.o
                0x03800818                Chassis::LeftVelocity()
 .text._ZN7Chassis13RightVelocityEv
                0x03800894       0x7c build/src/main.o
                0x03800894                Chassis::RightVelocity()
 .text._Z6Intakei
                0x03800910      0x100 build/src/main.o
                0x03800910                Intake(int)
 .text._Z4Pushi
                0x03800a10      0x158 build/src/main.o
                0x03800a10                Push(int)
 .text._Z8PID_Pushv
                0x03800b68       0x80 build/src/main.o
                0x03800b68                PID_Push()
 .text._Z9Auto_Pushdd
                0x03800be8      0x248 build/src/main.o
                0x03800be8                Auto_Push(double, double)
 .text._ZN7Chassis12LeftRotationEv
                0x03800e30       0x7c build/src/main.o
                0x03800e30                Chassis::LeftRotation()
 .text._ZN7Chassis13RightRotationEv
                0x03800eac       0x7c build/src/main.o
                0x03800eac                Chassis::RightRotation()
 .text._Z4turnid
                0x03800f28      0x7c0 build/src/main.o
                0x03800f28                turn(int, double)
 .text._ZN6Params8setValueEPcd
                0x038016e8       0x8c build/src/main.o
                0x038016e8                Params::setValue(char*, double)
 .text._ZN7Chassis5BrakeESs
                0x03801774      0x1fc build/src/main.o
                0x03801774                Chassis::Brake(std::string)
 .text._Z10goStraightidbd
                0x03801970      0xdb0 build/src/main.o
                0x03801970                goStraight(int, double, bool, double)
 .text._ZN7Chassis5ResetEv
                0x03802720       0x6c build/src/main.o
                0x03802720                Chassis::Reset()
 .text._Z6Rotateidd
                0x0380278c      0x128 build/src/main.o
                0x0380278c                Rotate(int, double, double)
 *fill*         0x038028b4        0x4 
 .text._Z4Bluev
                0x038028b8      0x1e0 build/src/main.o
                0x038028b8                Blue()
 .text._Z10autonomousv
                0x03802a98       0x1c build/src/main.o
                0x03802a98                autonomous()
 *fill*         0x03802ab4        0x4 
 .text._Z11usercontrolv
                0x03802ab8      0x428 build/src/main.o
                0x03802ab8                usercontrol()
 .text.main     0x03802ee0       0x3c build/src/main.o
                0x03802ee0                main
 .text._ZN9Gyroscope14getSensorAngleEv
                0x03802f1c       0xd8 build/src/main.o
                0x03802f1c                Gyroscope::getSensorAngle()
 .text._GLOBAL__sub_I_main.cpp
                0x03802ff4      0x55c build/src/main.o
 .text.vexMain  0x03803550       0xb0 C:\Program Files (x86)\VEX Robotics\VEXcode V5 Text\sdk/vexv5\libv5rt.a(v5_startup.c.obj)
                0x03803550                vexMain
 .text.__vex_function_prolog
                0x03803600       0x18 C:\Program Files (x86)\VEX Robotics\VEXcode V5 Text\sdk/vexv5\libv5rt.a(v5_startup.c.obj)
                0x03803600                __vex_function_prolog
 .text._init    0x03803618        0x4 C:\Program Files (x86)\VEX Robotics\VEXcode V5 Text\sdk/vexv5\libv5rt.a(v5_startup.c.obj)
                0x03803618                _init
 .text._fini    0x0380361c        0x4 C:\Program Files (x86)\VEX Robotics\VEXcode V5 Text\sdk/vexv5\libv5rt.a(v5_startup.c.obj)
                0x0380361c                _fini
 .text.vexStdlibVersionLinked
                0x03803620        0xc C:\Program Files (x86)\VEX Robotics\VEXcode V5 Text\sdk/vexv5\libv5rt.a(v5_util.c.obj)
                0x03803620                vexStdlibVersionLinked
 .text.vexStdlibVersionVerify
                0x0380362c       0x30 C:\Program Files (x86)\VEX Robotics\VEXcode V5 Text\sdk/vexv5\libv5rt.a(v5_util.c.obj)
                0x0380362c                vexStdlibVersionVerify
 .text.vexPrivateApiEnable
                0x0380365c       0x10 C:\Program Files (x86)\VEX Robotics\VEXcode V5 Text\sdk/vexv5\libv5rt.a(v5_apijump.c.obj)
                0x0380365c                vexPrivateApiEnable
 .text.vexStdlibMismatchError
                0x0380366c       0x3c C:\Program Files (x86)\VEX Robotics\VEXcode V5 Text\sdk/vexv5\libv5rt.a(v5_apijump.c.obj)
                0x0380366c                vexStdlibMismatchError
 .text.vexTaskAdd
                0x038036a8       0x10 C:\Program Files (x86)\VEX Robotics\VEXcode V5 Text\sdk/vexv5\libv5rt.a(v5_apijump.c.obj)
                0x038036a8                vexTaskAdd
 .text.vexTaskStop
                0x038036b8       0x10 C:\Program Files (x86)\VEX Robotics\VEXcode V5 Text\sdk/vexv5\libv5rt.a(v5_apijump.c.obj)
                0x038036b8                vexTaskStop
 .text.vexTasksRun
                0x038036c8       0x10 C:\Program Files (x86)\VEX Robotics\VEXcode V5 Text\sdk/vexv5\libv5rt.a(v5_apijump.c.obj)
                0x038036c8                vexTasksRun
 .text.vexTaskYield
                0x038036d8       0x10 C:\Program Files (x86)\VEX Robotics\VEXcode V5 Text\sdk/vexv5\libv5rt.a(v5_apijump.c.obj)
                0x038036d8                vexTaskYield
 .text.vexTaskCheckTimeslice
                0x038036e8       0x10 C:\Program Files (x86)\VEX Robotics\VEXcode V5 Text\sdk/vexv5\libv5rt.a(v5_apijump.c.obj)
                0x038036e8                vexTaskCheckTimeslice
 .text.vexTaskSleep
                0x038036f8       0x10 C:\Program Files (x86)\VEX Robotics\VEXcode V5 Text\sdk/vexv5\libv5rt.a(v5_apijump.c.obj)
                0x038036f8                vexTaskSleep
 .text.vexTasksDump
                0x03803708       0x1c C:\Program Files (x86)\VEX Robotics\VEXcode V5 Text\sdk/vexv5\libv5rt.a(v5_apijump.c.obj)
                0x03803708                vexTasksDump
 .text.vexTaskGetTaskIndex
                0x03803724       0x10 C:\Program Files (x86)\VEX Robotics\VEXcode V5 Text\sdk/vexv5\libv5rt.a(v5_apijump.c.obj)
                0x03803724                vexTaskGetTaskIndex
 .text.vexTaskStopAll
                0x03803734       0x10 C:\Program Files (x86)\VEX Robotics\VEXcode V5 Text\sdk/vexv5\libv5rt.a(v5_apijump.c.obj)
                0x03803734                vexTaskStopAll
 .text.vexTaskRemoveAllUser
                0x03803744       0x34 C:\Program Files (x86)\VEX Robotics\VEXcode V5 Text\sdk/vexv5\libv5rt.a(v5_apijump.c.obj)
                0x03803744                vexTaskRemoveAllUser
 .text.vexTaskCompletionIdSet
                0x03803778       0x10 C:\Program Files (x86)\VEX Robotics\VEXcode V5 Text\sdk/vexv5\libv5rt.a(v5_apijump.c.obj)
                0x03803778                vexTaskCompletionIdSet
 .text.vexCriticalSection
                0x03803788       0x2c C:\Program Files (x86)\VEX Robotics\VEXcode V5 Text\sdk/vexv5\libv5rt.a(v5_apijump.c.obj)
                0x03803788                vexCriticalSection
 .text.vexEventAdd
                0x038037b4       0x34 C:\Program Files (x86)\VEX Robotics\VEXcode V5 Text\sdk/vexv5\libv5rt.a(v5_apijump.c.obj)
                0x038037b4                vexEventAdd
 .text.vexEventUserIndexGet
                0x038037e8       0x1c C:\Program Files (x86)\VEX Robotics\VEXcode V5 Text\sdk/vexv5\libv5rt.a(v5_apijump.c.obj)
                0x038037e8                vexEventUserIndexGet
 .text.vexEventAddWithArg
                0x03803804       0x3c C:\Program Files (x86)\VEX Robotics\VEXcode V5 Text\sdk/vexv5\libv5rt.a(v5_apijump.c.obj)
                0x03803804                vexEventAddWithArg
 .text.vexEventsCleanup
                0x03803840       0x2c C:\Program Files (x86)\VEX Robotics\VEXcode V5 Text\sdk/vexv5\libv5rt.a(v5_apijump.c.obj)
                0x03803840                vexEventsCleanup
 .text.vexDebug
                0x0380386c       0x38 C:\Program Files (x86)\VEX Robotics\VEXcode V5 Text\sdk/vexv5\libv5rt.a(v5_apijump.c.obj)
                0x0380386c                vexDebug
 .text.vex_sprintf
                0x038038a4       0x40 C:\Program Files (x86)\VEX Robotics\VEXcode V5 Text\sdk/vexv5\libv5rt.a(v5_apijump.c.obj)
                0x038038a4                vex_sprintf
 .text.vex_vsnprintf
                0x038038e4       0x3c C:\Program Files (x86)\VEX Robotics\VEXcode V5 Text\sdk/vexv5\libv5rt.a(v5_apijump.c.obj)
                0x038038e4                vex_vsnprintf
 .text.vexSystemTimeGet
                0x03803920       0x1c C:\Program Files (x86)\VEX Robotics\VEXcode V5 Text\sdk/vexv5\libv5rt.a(v5_apijump.c.obj)
                0x03803920                vexSystemTimeGet
 .text.vexSystemExitRequest
                0x0380393c       0x1c C:\Program Files (x86)\VEX Robotics\VEXcode V5 Text\sdk/vexv5\libv5rt.a(v5_apijump.c.obj)
                0x0380393c                vexSystemExitRequest
 .text.vexDeviceGetByIndex
                0x03803958       0x24 C:\Program Files (x86)\VEX Robotics\VEXcode V5 Text\sdk/vexv5\libv5rt.a(v5_apijump.c.obj)
                0x03803958                vexDeviceGetByIndex
 .text.vexControllerGet
                0x0380397c       0x2c C:\Program Files (x86)\VEX Robotics\VEXcode V5 Text\sdk/vexv5\libv5rt.a(v5_apijump.c.obj)
                0x0380397c                vexControllerGet
 .text.vexDeviceAdiPortConfigSet
                0x038039a8       0x34 C:\Program Files (x86)\VEX Robotics\VEXcode V5 Text\sdk/vexv5\libv5rt.a(v5_apijump.c.obj)
                0x038039a8                vexDeviceAdiPortConfigSet
 .text.vexDeviceAdiPortConfigGet
                0x038039dc       0x2c C:\Program Files (x86)\VEX Robotics\VEXcode V5 Text\sdk/vexv5\libv5rt.a(v5_apijump.c.obj)
                0x038039dc                vexDeviceAdiPortConfigGet
 .text.vexDeviceAdiValueSet
                0x03803a08       0x34 C:\Program Files (x86)\VEX Robotics\VEXcode V5 Text\sdk/vexv5\libv5rt.a(v5_apijump.c.obj)
                0x03803a08                vexDeviceAdiValueSet
 .text.vexDeviceAdiValueGet
                0x03803a3c       0x2c C:\Program Files (x86)\VEX Robotics\VEXcode V5 Text\sdk/vexv5\libv5rt.a(v5_apijump.c.obj)
                0x03803a3c                vexDeviceAdiValueGet
 .text.vexDeviceMotorVelocitySet
                0x03803a68       0x2c C:\Program Files (x86)\VEX Robotics\VEXcode V5 Text\sdk/vexv5\libv5rt.a(v5_apijump.c.obj)
                0x03803a68                vexDeviceMotorVelocitySet
 .text.vexDeviceMotorVoltageSet
                0x03803a94       0x2c C:\Program Files (x86)\VEX Robotics\VEXcode V5 Text\sdk/vexv5\libv5rt.a(v5_apijump.c.obj)
                0x03803a94                vexDeviceMotorVoltageSet
 .text.vexDeviceMotorActualVelocityGet
                0x03803ac0       0x24 C:\Program Files (x86)\VEX Robotics\VEXcode V5 Text\sdk/vexv5\libv5rt.a(v5_apijump.c.obj)
                0x03803ac0                vexDeviceMotorActualVelocityGet
 .text.vexDeviceMotorZeroPositionFlagGet
                0x03803ae4       0x24 C:\Program Files (x86)\VEX Robotics\VEXcode V5 Text\sdk/vexv5\libv5rt.a(v5_apijump.c.obj)
                0x03803ae4                vexDeviceMotorZeroPositionFlagGet
 .text.vexDeviceMotorReverseFlagSet
                0x03803b08       0x2c C:\Program Files (x86)\VEX Robotics\VEXcode V5 Text\sdk/vexv5\libv5rt.a(v5_apijump.c.obj)
                0x03803b08                vexDeviceMotorReverseFlagSet
 .text.vexDeviceMotorEncoderUnitsSet
                0x03803b34       0x2c C:\Program Files (x86)\VEX Robotics\VEXcode V5 Text\sdk/vexv5\libv5rt.a(v5_apijump.c.obj)
                0x03803b34                vexDeviceMotorEncoderUnitsSet
 .text.vexDeviceMotorBrakeModeSet
                0x03803b60       0x2c C:\Program Files (x86)\VEX Robotics\VEXcode V5 Text\sdk/vexv5\libv5rt.a(v5_apijump.c.obj)
                0x03803b60                vexDeviceMotorBrakeModeSet
 .text.vexDeviceMotorPositionSet
                0x03803b8c       0x34 C:\Program Files (x86)\VEX Robotics\VEXcode V5 Text\sdk/vexv5\libv5rt.a(v5_apijump.c.obj)
                0x03803b8c                vexDeviceMotorPositionSet
 .text.vexDeviceMotorPositionGet
                0x03803bc0       0x24 C:\Program Files (x86)\VEX Robotics\VEXcode V5 Text\sdk/vexv5\libv5rt.a(v5_apijump.c.obj)
                0x03803bc0                vexDeviceMotorPositionGet
 .text.vexDeviceMotorAbsoluteTargetSet
                0x03803be4       0x3c C:\Program Files (x86)\VEX Robotics\VEXcode V5 Text\sdk/vexv5\libv5rt.a(v5_apijump.c.obj)
                0x03803be4                vexDeviceMotorAbsoluteTargetSet
 .text.vexDeviceMotorGearingSet
                0x03803c20       0x2c C:\Program Files (x86)\VEX Robotics\VEXcode V5 Text\sdk/vexv5\libv5rt.a(v5_apijump.c.obj)
                0x03803c20                vexDeviceMotorGearingSet
 .text.vexDeviceMotorGearingGet
                0x03803c4c       0x24 C:\Program Files (x86)\VEX Robotics\VEXcode V5 Text\sdk/vexv5\libv5rt.a(v5_apijump.c.obj)
                0x03803c4c                vexDeviceMotorGearingGet
 .text.vexDisplayForegroundColor
                0x03803c70       0x24 C:\Program Files (x86)\VEX Robotics\VEXcode V5 Text\sdk/vexv5\libv5rt.a(v5_apijump.c.obj)
                0x03803c70                vexDisplayForegroundColor
 .text.vexDisplayBackgroundColor
                0x03803c94       0x24 C:\Program Files (x86)\VEX Robotics\VEXcode V5 Text\sdk/vexv5\libv5rt.a(v5_apijump.c.obj)
                0x03803c94                vexDisplayBackgroundColor
 .text.vexDisplayPrintf
                0x03803cb8       0x68 C:\Program Files (x86)\VEX Robotics\VEXcode V5 Text\sdk/vexv5\libv5rt.a(v5_apijump.c.obj)
                0x03803cb8                vexDisplayPrintf
 .text.vexDisplayTextReference
                0x03803d20       0x24 C:\Program Files (x86)\VEX Robotics\VEXcode V5 Text\sdk/vexv5\libv5rt.a(v5_apijump.c.obj)
                0x03803d20                vexDisplayTextReference
 .text.vexDisplayTextSize
                0x03803d44       0x2c C:\Program Files (x86)\VEX Robotics\VEXcode V5 Text\sdk/vexv5\libv5rt.a(v5_apijump.c.obj)
                0x03803d44                vexDisplayTextSize
 .text.vexDisplayFontNamedSet
                0x03803d70       0x24 C:\Program Files (x86)\VEX Robotics\VEXcode V5 Text\sdk/vexv5\libv5rt.a(v5_apijump.c.obj)
                0x03803d70                vexDisplayFontNamedSet
 .text.vexDisplayStringWidthGet
                0x03803d94       0x24 C:\Program Files (x86)\VEX Robotics\VEXcode V5 Text\sdk/vexv5\libv5rt.a(v5_apijump.c.obj)
                0x03803d94                vexDisplayStringWidthGet
 .text.vexSystemStdlibImpureDataAddr
                0x03803db8       0x28 C:\Program Files (x86)\VEX Robotics\VEXcode V5 Text\sdk/vexv5\libv5rt.a(v5_apijump.c.obj)
                0x03803db8                vexSystemStdlibImpureDataAddr
 .text.vexSystemStdlibImpureDataSize
                0x03803de0       0x28 C:\Program Files (x86)\VEX Robotics\VEXcode V5 Text\sdk/vexv5\libv5rt.a(v5_apijump.c.obj)
                0x03803de0                vexSystemStdlibImpureDataSize
 .text.vexSystemSaveUserData
                0x03803e08       0x3c C:\Program Files (x86)\VEX Robotics\VEXcode V5 Text\sdk/vexv5\libv5rt.a(v5_apijump.c.obj)
                0x03803e08                vexSystemSaveUserData
 .text.vexDisplayThemeIdGet
                0x03803e44       0x38 C:\Program Files (x86)\VEX Robotics\VEXcode V5 Text\sdk/vexv5\libv5rt.a(v5_apijump.c.obj)
                0x03803e44                vexDisplayThemeIdGet
 .text.vexDeviceEventMaskSet
                0x03803e7c       0x48 C:\Program Files (x86)\VEX Robotics\VEXcode V5 Text\sdk/vexv5\libv5rt.a(v5_apijump.c.obj)
                0x03803e7c                vexDeviceEventMaskSet
 .text.vexDeviceEventMaskGet
                0x03803ec4       0x3c C:\Program Files (x86)\VEX Robotics\VEXcode V5 Text\sdk/vexv5\libv5rt.a(v5_apijump.c.obj)
                0x03803ec4                vexDeviceEventMaskGet
 .text.vexDeviceGenericSerialEnable
                0x03803f00       0x2c C:\Program Files (x86)\VEX Robotics\VEXcode V5 Text\sdk/vexv5\libv5rt.a(v5_apijump.c.obj)
                0x03803f00                vexDeviceGenericSerialEnable
 .text.vexDeviceGenericSerialBaudrate
                0x03803f2c       0x2c C:\Program Files (x86)\VEX Robotics\VEXcode V5 Text\sdk/vexv5\libv5rt.a(v5_apijump.c.obj)
                0x03803f2c                vexDeviceGenericSerialBaudrate
 .text.vexDeviceGenericSerialReceive
                0x03803f58       0x34 C:\Program Files (x86)\VEX Robotics\VEXcode V5 Text\sdk/vexv5\libv5rt.a(v5_apijump.c.obj)
                0x03803f58                vexDeviceGenericSerialReceive
 .text.vexAdiPortConfigSet
                0x03803f8c       0x28 C:\Program Files (x86)\VEX Robotics\VEXcode V5 Text\sdk/vexv5\libv5rt.a(v5_apiuser.c.obj)
                0x03803f8c                vexAdiPortConfigSet
 .text.vexAdiPortConfigGet
                0x03803fb4       0x28 C:\Program Files (x86)\VEX Robotics\VEXcode V5 Text\sdk/vexv5\libv5rt.a(v5_apiuser.c.obj)
                0x03803fb4                vexAdiPortConfigGet
 .text.vexAdiValueSet
                0x03803fdc       0x28 C:\Program Files (x86)\VEX Robotics\VEXcode V5 Text\sdk/vexv5\libv5rt.a(v5_apiuser.c.obj)
                0x03803fdc                vexAdiValueSet
 .text.vexAdiValueGet
                0x03804004       0x20 C:\Program Files (x86)\VEX Robotics\VEXcode V5 Text\sdk/vexv5\libv5rt.a(v5_apiuser.c.obj)
                0x03804004                vexAdiValueGet
 .text.vexMotorVelocitySet
                0x03804024       0x20 C:\Program Files (x86)\VEX Robotics\VEXcode V5 Text\sdk/vexv5\libv5rt.a(v5_apiuser.c.obj)
                0x03804024                vexMotorVelocitySet
 .text.vexMotorVoltageSet
                0x03804044       0x20 C:\Program Files (x86)\VEX Robotics\VEXcode V5 Text\sdk/vexv5\libv5rt.a(v5_apiuser.c.obj)
                0x03804044                vexMotorVoltageSet
 .text.vexMotorActualVelocityGet
                0x03804064       0x24 C:\Program Files (x86)\VEX Robotics\VEXcode V5 Text\sdk/vexv5\libv5rt.a(v5_apiuser.c.obj)
                0x03804064                vexMotorActualVelocityGet
 .text.vexMotorZeroPositionFlagGet
                0x03804088       0x18 C:\Program Files (x86)\VEX Robotics\VEXcode V5 Text\sdk/vexv5\libv5rt.a(v5_apiuser.c.obj)
                0x03804088                vexMotorZeroPositionFlagGet
 .text.vexMotorReverseFlagSet
                0x038040a0       0x20 C:\Program Files (x86)\VEX Robotics\VEXcode V5 Text\sdk/vexv5\libv5rt.a(v5_apiuser.c.obj)
                0x038040a0                vexMotorReverseFlagSet
 .text.vexMotorEncoderUnitsSet
                0x038040c0       0x20 C:\Program Files (x86)\VEX Robotics\VEXcode V5 Text\sdk/vexv5\libv5rt.a(v5_apiuser.c.obj)
                0x038040c0                vexMotorEncoderUnitsSet
 .text.vexMotorBrakeModeSet
                0x038040e0       0x20 C:\Program Files (x86)\VEX Robotics\VEXcode V5 Text\sdk/vexv5\libv5rt.a(v5_apiuser.c.obj)
                0x038040e0                vexMotorBrakeModeSet
 .text.vexMotorPositionSet
                0x03804100       0x28 C:\Program Files (x86)\VEX Robotics\VEXcode V5 Text\sdk/vexv5\libv5rt.a(v5_apiuser.c.obj)
                0x03804100                vexMotorPositionSet
 .text.vexMotorPositionGet
                0x03804128       0x24 C:\Program Files (x86)\VEX Robotics\VEXcode V5 Text\sdk/vexv5\libv5rt.a(v5_apiuser.c.obj)
                0x03804128                vexMotorPositionGet
 .text.vexMotorAbsoluteTargetSet
                0x0380414c       0x30 C:\Program Files (x86)\VEX Robotics\VEXcode V5 Text\sdk/vexv5\libv5rt.a(v5_apiuser.c.obj)
                0x0380414c                vexMotorAbsoluteTargetSet
 .text.vexMotorGearingSet
                0x0380417c       0x20 C:\Program Files (x86)\VEX Robotics\VEXcode V5 Text\sdk/vexv5\libv5rt.a(v5_apiuser.c.obj)
                0x0380417c                vexMotorGearingSet
 .text.vexMotorGearingGet
                0x0380419c       0x18 C:\Program Files (x86)\VEX Robotics\VEXcode V5 Text\sdk/vexv5\libv5rt.a(v5_apiuser.c.obj)
                0x0380419c                vexMotorGearingGet
 .text.vexEventMaskSet
                0x038041b4       0x28 C:\Program Files (x86)\VEX Robotics\VEXcode V5 Text\sdk/vexv5\libv5rt.a(v5_apiuser.c.obj)
                0x038041b4                vexEventMaskSet
 .text.vexEventMaskGet
                0x038041dc       0x18 C:\Program Files (x86)\VEX Robotics\VEXcode V5 Text\sdk/vexv5\libv5rt.a(v5_apiuser.c.obj)
                0x038041dc                vexEventMaskGet
 .text.vexGenericSerialEnable
                0x038041f4       0x20 C:\Program Files (x86)\VEX Robotics\VEXcode V5 Text\sdk/vexv5\libv5rt.a(v5_apiuser.c.obj)
                0x038041f4                vexGenericSerialEnable
 .text.vexGenericSerialBaudrate
                0x03804214       0x20 C:\Program Files (x86)\VEX Robotics\VEXcode V5 Text\sdk/vexv5\libv5rt.a(v5_apiuser.c.obj)
                0x03804214                vexGenericSerialBaudrate
 .text.vexGenericSerialReceive
                0x03804234       0x28 C:\Program Files (x86)\VEX Robotics\VEXcode V5 Text\sdk/vexv5\libv5rt.a(v5_apiuser.c.obj)
                0x03804234                vexGenericSerialReceive
 .text.vexSystemVersion
                0x0380425c       0x10 C:\Program Files (x86)\VEX Robotics\VEXcode V5 Text\sdk/vexv5\libv5rt.a(v5_apiversions.c.obj)
                0x0380425c                vexSystemVersion
 .text.vexStdlibVersion
                0x0380426c       0x10 C:\Program Files (x86)\VEX Robotics\VEXcode V5 Text\sdk/vexv5\libv5rt.a(v5_apiversions.c.obj)
                0x0380426c                vexStdlibVersion
 .text._ZN3vex6device5valueEv
                0x0380427c        0x8 C:\Program Files (x86)\VEX Robotics\VEXcode V5 Text\sdk/vexv5\libv5rt.a(vex_device.cpp.obj)
                0x0380427c                vex::device::value()
 .text._ZN3vex6deviceD2Ev
                0x03804284        0x4 C:\Program Files (x86)\VEX Robotics\VEXcode V5 Text\sdk/vexv5\libv5rt.a(vex_device.cpp.obj)
                0x03804284                vex::device::~device()
                0x03804284                vex::device::~device()
 .text._ZN3vex6device4initEl
                0x03804288       0x30 C:\Program Files (x86)\VEX Robotics\VEXcode V5 Text\sdk/vexv5\libv5rt.a(vex_device.cpp.obj)
                0x03804288                vex::device::init(long)
 .text._ZN3vex6deviceC2El
                0x038042b8       0x20 C:\Program Files (x86)\VEX Robotics\VEXcode V5 Text\sdk/vexv5\libv5rt.a(vex_device.cpp.obj)
                0x038042b8                vex::device::device(long)
                0x038042b8                vex::device::device(long)
 .text._ZN3vex6device4typeEv
                0x038042d8       0x10 C:\Program Files (x86)\VEX Robotics\VEXcode V5 Text\sdk/vexv5\libv5rt.a(vex_device.cpp.obj)
                0x038042d8                vex::device::type()
 .text._ZN3vex6device9installedEv
                0x038042e8       0x14 C:\Program Files (x86)\VEX Robotics\VEXcode V5 Text\sdk/vexv5\libv5rt.a(vex_device.cpp.obj)
                0x038042e8                vex::device::installed()
 .text._ZN3vex6device5indexEv
                0x038042fc        0x8 C:\Program Files (x86)\VEX Robotics\VEXcode V5 Text\sdk/vexv5\libv5rt.a(vex_device.cpp.obj)
                0x038042fc                vex::device::index()
 .text._ZN3vex5motor9installedEv
                0x03804304       0x18 C:\Program Files (x86)\VEX Robotics\VEXcode V5 Text\sdk/vexv5\libv5rt.a(vex_motor.cpp.obj)
                0x03804304                vex::motor::installed()
 .text._ZN3vex5motorD2Ev
                0x0380431c       0x20 C:\Program Files (x86)\VEX Robotics\VEXcode V5 Text\sdk/vexv5\libv5rt.a(vex_motor.cpp.obj)
                0x0380431c                vex::motor::~motor()
                0x0380431c                vex::motor::~motor()
 .text._ZN3vex5motor15defaultStoppingENS_9brakeTypeE
                0x0380433c       0x30 C:\Program Files (x86)\VEX Robotics\VEXcode V5 Text\sdk/vexv5\libv5rt.a(vex_motor.cpp.obj)
                0x0380433c                vex::motor::defaultStopping(vex::brakeType)
 .text._ZN3vex5motorC2El
                0x0380436c       0x70 C:\Program Files (x86)\VEX Robotics\VEXcode V5 Text\sdk/vexv5\libv5rt.a(vex_motor.cpp.obj)
                0x0380436c                vex::motor::motor(long)
                0x0380436c                vex::motor::motor(long)
 .text._ZN3vex5motorC2ElNS_11gearSettingEb
                0x038043dc       0x34 C:\Program Files (x86)\VEX Robotics\VEXcode V5 Text\sdk/vexv5\libv5rt.a(vex_motor.cpp.obj)
                0x038043dc                vex::motor::motor(long, vex::gearSetting, bool)
                0x038043dc                vex::motor::motor(long, vex::gearSetting, bool)
 .text._ZN3vex5motor4spinENS_13directionTypeEdNS_12voltageUnitsE
                0x03804410       0x50 C:\Program Files (x86)\VEX Robotics\VEXcode V5 Text\sdk/vexv5\libv5rt.a(vex_motor.cpp.obj)
                0x03804410                vex::motor::spin(vex::directionType, double, vex::voltageUnits)
 .text._ZN3vex5motor4stopENS_9brakeTypeE
                0x03804460       0x30 C:\Program Files (x86)\VEX Robotics\VEXcode V5 Text\sdk/vexv5\libv5rt.a(vex_motor.cpp.obj)
                0x03804460                vex::motor::stop(vex::brakeType)
 .text._ZN3vex5motor4stopEv
                0x03804490        0x8 C:\Program Files (x86)\VEX Robotics\VEXcode V5 Text\sdk/vexv5\libv5rt.a(vex_motor.cpp.obj)
                0x03804490                vex::motor::stop()
 .text._ZN3vex5motor16velocityToScaledEdNS_13velocityUnitsE
                0x03804498       0x5c C:\Program Files (x86)\VEX Robotics\VEXcode V5 Text\sdk/vexv5\libv5rt.a(vex_motor.cpp.obj)
                0x03804498                vex::motor::velocityToScaled(double, vex::velocityUnits)
 .text._ZN3vex5motor8velocityENS_13velocityUnitsE
                0x038044f4       0x30 C:\Program Files (x86)\VEX Robotics\VEXcode V5 Text\sdk/vexv5\libv5rt.a(vex_motor.cpp.obj)
                0x038044f4                vex::motor::velocity(vex::velocityUnits)
 .text._ZN3vex5motor5valueEv
                0x03804524       0x1c C:\Program Files (x86)\VEX Robotics\VEXcode V5 Text\sdk/vexv5\libv5rt.a(vex_motor.cpp.obj)
                0x03804524                vex::motor::value()
 .text._ZN3vex5motor16scaledToVelocityEdNS_13velocityUnitsE
                0x03804540       0xa4 C:\Program Files (x86)\VEX Robotics\VEXcode V5 Text\sdk/vexv5\libv5rt.a(vex_motor.cpp.obj)
                0x03804540                vex::motor::scaledToVelocity(double, vex::velocityUnits)
 .text._ZN3vex5motor16setRotationUnitsENS_13rotationUnitsE
                0x038045e4       0x1c C:\Program Files (x86)\VEX Robotics\VEXcode V5 Text\sdk/vexv5\libv5rt.a(vex_motor.cpp.obj)
                0x038045e4                vex::motor::setRotationUnits(vex::rotationUnits)
 .text._ZN3vex5motor11setRotationEdNS_13rotationUnitsE
                0x03804600       0x44 C:\Program Files (x86)\VEX Robotics\VEXcode V5 Text\sdk/vexv5\libv5rt.a(vex_motor.cpp.obj)
                0x03804600                vex::motor::setRotation(double, vex::rotationUnits)
 .text._ZN3vex5motor13resetRotationEv
                0x03804644       0x20 C:\Program Files (x86)\VEX Robotics\VEXcode V5 Text\sdk/vexv5\libv5rt.a(vex_motor.cpp.obj)
                0x03804644                vex::motor::resetRotation()
 .text._ZN3vex5motor8rotateToEdNS_13rotationUnitsEdNS_13velocityUnitsEb
                0x03804664       0xc4 C:\Program Files (x86)\VEX Robotics\VEXcode V5 Text\sdk/vexv5\libv5rt.a(vex_motor.cpp.obj)
                0x03804664                vex::motor::rotateTo(double, vex::rotationUnits, double, vex::velocityUnits, bool)
 .text._ZN3vex5motor13startRotateToEdNS_13rotationUnitsEdNS_13velocityUnitsE
                0x03804728       0x34 C:\Program Files (x86)\VEX Robotics\VEXcode V5 Text\sdk/vexv5\libv5rt.a(vex_motor.cpp.obj)
                0x03804728                vex::motor::startRotateTo(double, vex::rotationUnits, double, vex::velocityUnits)
 .text._ZN3vex5motor8rotationENS_13rotationUnitsE
                0x0380475c       0x44 C:\Program Files (x86)\VEX Robotics\VEXcode V5 Text\sdk/vexv5\libv5rt.a(vex_motor.cpp.obj)
                0x0380475c                vex::motor::rotation(vex::rotationUnits)
 .text.startup._GLOBAL__sub_I__ZN3vex5motorC2El
                0x038047a0       0x30 C:\Program Files (x86)\VEX Robotics\VEXcode V5 Text\sdk/vexv5\libv5rt.a(vex_motor.cpp.obj)
 .text._ZN3vex10controllerD2Ev
                0x038047d0        0x4 C:\Program Files (x86)\VEX Robotics\VEXcode V5 Text\sdk/vexv5\libv5rt.a(vex_controller.cpp.obj)
                0x038047d0                vex::controller::~controller()
                0x038047d0                vex::controller::~controller()
 .text._ZN3vex10controller5valueE19_V5_ControllerIndex
                0x038047d4        0x8 C:\Program Files (x86)\VEX Robotics\VEXcode V5 Text\sdk/vexv5\libv5rt.a(vex_controller.cpp.obj)
                0x038047d4                vex::controller::value(_V5_ControllerIndex)
 .text._ZN3vex10controller6button8pressingEv
                0x038047dc       0xc8 C:\Program Files (x86)\VEX Robotics\VEXcode V5 Text\sdk/vexv5\libv5rt.a(vex_controller.cpp.obj)
                0x038047dc                vex::controller::button::pressing()
 .text._ZN3vex10controller6button21_buttonToPressedEventEv
                0x038048a4       0x20 C:\Program Files (x86)\VEX Robotics\VEXcode V5 Text\sdk/vexv5\libv5rt.a(vex_controller.cpp.obj)
                0x038048a4                vex::controller::button::_buttonToPressedEvent()
 .text._ZN3vex10controller6button22_buttonToReleasedEventEv
                0x038048c4       0x20 C:\Program Files (x86)\VEX Robotics\VEXcode V5 Text\sdk/vexv5\libv5rt.a(vex_controller.cpp.obj)
                0x038048c4                vex::controller::button::_buttonToReleasedEvent()
 .text._ZN3vex10controller6buttonC2ENS0_11tButtonTypeEPS0_
                0x038048e4       0x48 C:\Program Files (x86)\VEX Robotics\VEXcode V5 Text\sdk/vexv5\libv5rt.a(vex_controller.cpp.obj)
                0x038048e4                vex::controller::button::button(vex::controller::tButtonType, vex::controller*)
                0x038048e4                vex::controller::button::button(vex::controller::tButtonType, vex::controller*)
 .text._ZN3vex10controller4axis5valueEv
                0x0380492c       0x58 C:\Program Files (x86)\VEX Robotics\VEXcode V5 Text\sdk/vexv5\libv5rt.a(vex_controller.cpp.obj)
                0x0380492c                vex::controller::axis::value()
 .text._ZN3vex10controller4axis8positionENS_12percentUnitsE
                0x03804984       0x1c C:\Program Files (x86)\VEX Robotics\VEXcode V5 Text\sdk/vexv5\libv5rt.a(vex_controller.cpp.obj)
                0x03804984                vex::controller::axis::position(vex::percentUnits)
 .text._ZN3vex10controller4axis23_joystickToChangedEventEv
                0x038049a0       0x20 C:\Program Files (x86)\VEX Robotics\VEXcode V5 Text\sdk/vexv5\libv5rt.a(vex_controller.cpp.obj)
                0x038049a0                vex::controller::axis::_joystickToChangedEvent()
 .text._ZN3vex10controller4axisC2ENS0_9tAxisTypeEPS0_
                0x038049c0       0x2c C:\Program Files (x86)\VEX Robotics\VEXcode V5 Text\sdk/vexv5\libv5rt.a(vex_controller.cpp.obj)
                0x038049c0                vex::controller::axis::axis(vex::controller::tAxisType, vex::controller*)
                0x038049c0                vex::controller::axis::axis(vex::controller::tAxisType, vex::controller*)
 .text._ZN3vex10controllerC2Ev
                0x038049ec      0x204 C:\Program Files (x86)\VEX Robotics\VEXcode V5 Text\sdk/vexv5\libv5rt.a(vex_controller.cpp.obj)
                0x038049ec                vex::controller::controller()
                0x038049ec                vex::controller::controller()
 .text._ZN3vex4taskC2EPFivE
                0x03804bf0       0x54 C:\Program Files (x86)\VEX Robotics\VEXcode V5 Text\sdk/vexv5\libv5rt.a(vex_task.cpp.obj)
                0x03804bf0                vex::task::task(int (*)())
                0x03804bf0                vex::task::task(int (*)())
 .text._ZN3vex4taskD2Ev
                0x03804c44        0x4 C:\Program Files (x86)\VEX Robotics\VEXcode V5 Text\sdk/vexv5\libv5rt.a(vex_task.cpp.obj)
                0x03804c44                vex::task::~task()
                0x03804c44                vex::task::~task()
 .text._ZN3vex4task4stopEPFivE
                0x03804c48        0xc C:\Program Files (x86)\VEX Robotics\VEXcode V5 Text\sdk/vexv5\libv5rt.a(vex_task.cpp.obj)
                0x03804c48                vex::task::stop(int (*)())
 .text._ZN3vex4task5sleepEm
                0x03804c54        0x4 C:\Program Files (x86)\VEX Robotics\VEXcode V5 Text\sdk/vexv5\libv5rt.a(vex_task.cpp.obj)
                0x03804c54                vex::task::sleep(unsigned long)
 .text._ZN3vex4task6_indexEPFivE
                0x03804c58       0x14 C:\Program Files (x86)\VEX Robotics\VEXcode V5 Text\sdk/vexv5\libv5rt.a(vex_task.cpp.obj)
                0x03804c58                vex::task::_index(int (*)())
 .text._ZN3vex4task8_stopAllEv
                0x03804c6c       0x3c C:\Program Files (x86)\VEX Robotics\VEXcode V5 Text\sdk/vexv5\libv5rt.a(vex_task.cpp.obj)
                0x03804c6c                vex::task::_stopAll()
 .text._ZN3vex5event4initEmmPFvvE
                0x03804ca8        0x4 C:\Program Files (x86)\VEX Robotics\VEXcode V5 Text\sdk/vexv5\libv5rt.a(vex_event.cpp.obj)
                0x03804ca8                vex::event::init(unsigned long, unsigned long, void (*)())
 .text._ZN3vex5event4initEmmPFvPvES1_
                0x03804cac        0x4 C:\Program Files (x86)\VEX Robotics\VEXcode V5 Text\sdk/vexv5\libv5rt.a(vex_event.cpp.obj)
                0x03804cac                vex::event::init(unsigned long, unsigned long, void (*)(void*), void*)
 .text._ZN3vex5event9userindexEv
                0x03804cb0        0x4 C:\Program Files (x86)\VEX Robotics\VEXcode V5 Text\sdk/vexv5\libv5rt.a(vex_event.cpp.obj)
                0x03804cb0                vex::event::userindex()
 .text._ZZN3vex6meventC4EmmENUlvE_4_FUNEv
                0x03804cb4        0x4 C:\Program Files (x86)\VEX Robotics\VEXcode V5 Text\sdk/vexv5\libv5rt.a(vex_mevent.cpp.obj)
 .text._ZN3vex6meventC2Emm
                0x03804cb8       0x70 C:\Program Files (x86)\VEX Robotics\VEXcode V5 Text\sdk/vexv5\libv5rt.a(vex_mevent.cpp.obj)
                0x03804cb8                vex::mevent::mevent(unsigned long, unsigned long)
                0x03804cb8                vex::mevent::mevent(unsigned long, unsigned long)
 .text._ZN3vex5brainD2Ev
                0x03804d28       0x20 C:\Program Files (x86)\VEX Robotics\VEXcode V5 Text\sdk/vexv5\libv5rt.a(vex_brain.cpp.obj)
                0x03804d28                vex::brain::~brain()
                0x03804d28                vex::brain::~brain()
 .text._ZN3vex5brain9_getIndexEv
                0x03804d48       0x10 C:\Program Files (x86)\VEX Robotics\VEXcode V5 Text\sdk/vexv5\libv5rt.a(vex_brain.cpp.obj)
                0x03804d48                vex::brain::_getIndex()
 .text._ZN3vex5brain5timerENS_9timeUnitsE
                0x03804d58        0x4 C:\Program Files (x86)\VEX Robotics\VEXcode V5 Text\sdk/vexv5\libv5rt.a(vex_brain.cpp.obj)
                0x03804d58                vex::brain::timer(vex::timeUnits)
 .text._ZN3vex5brain10resetTimerEv
                0x03804d5c        0x4 C:\Program Files (x86)\VEX Robotics\VEXcode V5 Text\sdk/vexv5\libv5rt.a(vex_brain.cpp.obj)
                0x03804d5c                vex::brain::resetTimer()
 .text._ZN3vex5brain3lcd9setCursorEll
                0x03804d60       0x44 C:\Program Files (x86)\VEX Robotics\VEXcode V5 Text\sdk/vexv5\libv5rt.a(vex_brain.cpp.obj)
                0x03804d60                vex::brain::lcd::setCursor(long, long)
 .text._ZN3vex5brain3lcd7setFontENS_8fontTypeE
                0x03804da4      0x228 C:\Program Files (x86)\VEX Robotics\VEXcode V5 Text\sdk/vexv5\libv5rt.a(vex_brain.cpp.obj)
                0x03804da4                vex::brain::lcd::setFont(vex::fontType)
 .text._ZN3vex5brain3lcdC2Ev
                0x03804fcc       0x94 C:\Program Files (x86)\VEX Robotics\VEXcode V5 Text\sdk/vexv5\libv5rt.a(vex_brain.cpp.obj)
                0x03804fcc                vex::brain::lcd::lcd()
                0x03804fcc                vex::brain::lcd::lcd()
 .text._ZN3vex5brainC2Ev
                0x03805060       0x40 C:\Program Files (x86)\VEX Robotics\VEXcode V5 Text\sdk/vexv5\libv5rt.a(vex_brain.cpp.obj)
                0x03805060                vex::brain::brain()
                0x03805060                vex::brain::brain()
 .text._ZN3vex5brain3lcd7newLineEv
                0x038050a0       0x20 C:\Program Files (x86)\VEX Robotics\VEXcode V5 Text\sdk/vexv5\libv5rt.a(vex_brain.cpp.obj)
                0x038050a0                vex::brain::lcd::newLine()
 .text._ZN3vex5brain3lcd10rowToPixelEl
                0x038050c0       0x34 C:\Program Files (x86)\VEX Robotics\VEXcode V5 Text\sdk/vexv5\libv5rt.a(vex_brain.cpp.obj)
                0x038050c0                vex::brain::lcd::rowToPixel(long)
 .text._ZN3vex5brain3lcd10colToPixelEl
                0x038050f4       0x1c C:\Program Files (x86)\VEX Robotics\VEXcode V5 Text\sdk/vexv5\libv5rt.a(vex_brain.cpp.obj)
                0x038050f4                vex::brain::lcd::colToPixel(long)
 .text._ZN3vex5brain3lcd5printEPKcz
                0x03805110       0xa0 C:\Program Files (x86)\VEX Robotics\VEXcode V5 Text\sdk/vexv5\libv5rt.a(vex_brain.cpp.obj)
                0x03805110                vex::brain::lcd::print(char const*, ...)
 .text._ZN3vex5brain3lcd5printEPcz
                0x038051b0       0xa0 C:\Program Files (x86)\VEX Robotics\VEXcode V5 Text\sdk/vexv5\libv5rt.a(vex_brain.cpp.obj)
                0x038051b0                vex::brain::lcd::print(char*, ...)
 .text._ZN3vex11competition8_disableEPv
                0x03805250       0x9c C:\Program Files (x86)\VEX Robotics\VEXcode V5 Text\sdk/vexv5\libv5rt.a(vex_competition.cpp.obj)
                0x03805250                vex::competition::_disable(void*)
 .text._ZN3vex11competition11_autonomousEv
                0x038052ec       0x7c C:\Program Files (x86)\VEX Robotics\VEXcode V5 Text\sdk/vexv5\libv5rt.a(vex_competition.cpp.obj)
                0x038052ec                vex::competition::_autonomous()
 .text._ZN3vex11competition14_drivercontrolEv
                0x03805368       0x7c C:\Program Files (x86)\VEX Robotics\VEXcode V5 Text\sdk/vexv5\libv5rt.a(vex_competition.cpp.obj)
                0x03805368                vex::competition::_drivercontrol()
 .text._ZN3vex11competitionC2Ev
                0x038053e4      0x13c C:\Program Files (x86)\VEX Robotics\VEXcode V5 Text\sdk/vexv5\libv5rt.a(vex_competition.cpp.obj)
                0x038053e4                vex::competition::competition()
                0x038053e4                vex::competition::competition()
 .text._ZN3vex11competitionD2Ev
                0x03805520        0x4 C:\Program Files (x86)\VEX Robotics\VEXcode V5 Text\sdk/vexv5\libv5rt.a(vex_competition.cpp.obj)
                0x03805520                vex::competition::~competition()
                0x03805520                vex::competition::~competition()
 .text._ZN3vex11competition10autonomousEPFvvE
                0x03805524       0x44 C:\Program Files (x86)\VEX Robotics\VEXcode V5 Text\sdk/vexv5\libv5rt.a(vex_competition.cpp.obj)
                0x03805524                vex::competition::autonomous(void (*)())
 .text._ZN3vex11competition13drivercontrolEPFvvE
                0x03805568       0x44 C:\Program Files (x86)\VEX Robotics\VEXcode V5 Text\sdk/vexv5\libv5rt.a(vex_competition.cpp.obj)
                0x03805568                vex::competition::drivercontrol(void (*)())
 .text._ZN3vex7triport9installedEv
                0x038055ac       0x18 C:\Program Files (x86)\VEX Robotics\VEXcode V5 Text\sdk/vexv5\libv5rt.a(vex_triport.cpp.obj)
                0x038055ac                vex::triport::installed()
 .text._ZN3vex7triportD2Ev
                0x038055c4       0x38 C:\Program Files (x86)\VEX Robotics\VEXcode V5 Text\sdk/vexv5\libv5rt.a(vex_triport.cpp.obj)
                0x038055c4                vex::triport::~triport()
                0x038055c4                vex::triport::~triport()
 .text._ZN3vex7triport4portC2ElPS0_
                0x038055fc       0x90 C:\Program Files (x86)\VEX Robotics\VEXcode V5 Text\sdk/vexv5\libv5rt.a(vex_triport.cpp.obj)
                0x038055fc                vex::triport::port::port(long, vex::triport*)
                0x038055fc                vex::triport::port::port(long, vex::triport*)
 .text._ZN3vex7triportC2El
                0x0380568c       0xf0 C:\Program Files (x86)\VEX Robotics\VEXcode V5 Text\sdk/vexv5\libv5rt.a(vex_triport.cpp.obj)
                0x0380568c                vex::triport::triport(long)
                0x0380568c                vex::triport::triport(long)
 .text._ZN3vex7triport4port4typeENS_11triportTypeE
                0x0380577c       0x34 C:\Program Files (x86)\VEX Robotics\VEXcode V5 Text\sdk/vexv5\libv5rt.a(vex_triport.cpp.obj)
                0x0380577c                vex::triport::port::type(vex::triportType)
 .text._ZN3vex7triport4port4typeEv
                0x038057b0       0x38 C:\Program Files (x86)\VEX Robotics\VEXcode V5 Text\sdk/vexv5\libv5rt.a(vex_triport.cpp.obj)
                0x038057b0                vex::triport::port::type()
 .text._ZN3vex7triport4port5valueEv
                0x038057e8       0x14 C:\Program Files (x86)\VEX Robotics\VEXcode V5 Text\sdk/vexv5\libv5rt.a(vex_triport.cpp.obj)
                0x038057e8                vex::triport::port::value()
 .text._ZN3vex7triport4port5valueEl
                0x038057fc       0x18 C:\Program Files (x86)\VEX Robotics\VEXcode V5 Text\sdk/vexv5\libv5rt.a(vex_triport.cpp.obj)
                0x038057fc                vex::triport::port::value(long)
 .text._ZN3vex11__trideviceC2ERNS_7triport4portENS_11triportTypeE
                0x03805814       0x5c C:\Program Files (x86)\VEX Robotics\VEXcode V5 Text\sdk/vexv5\libv5rt.a(vex_triport.cpp.obj)
                0x03805814                vex::__tridevice::__tridevice(vex::triport::port&, vex::triportType)
                0x03805814                vex::__tridevice::__tridevice(vex::triport::port&, vex::triportType)
 .text._ZN3vex5limitC2ERNS_7triport4portE
                0x03805870       0x28 C:\Program Files (x86)\VEX Robotics\VEXcode V5 Text\sdk/vexv5\libv5rt.a(vex_triport.cpp.obj)
                0x03805870                vex::limit::limit(vex::triport::port&)
                0x03805870                vex::limit::limit(vex::triport::port&)
 .text._ZN3vex5limitD2Ev
                0x03805898        0x4 C:\Program Files (x86)\VEX Robotics\VEXcode V5 Text\sdk/vexv5\libv5rt.a(vex_triport.cpp.obj)
                0x03805898                vex::limit::~limit()
                0x03805898                vex::limit::~limit()
 .text._ZN3vex6bumperC2ERNS_7triport4portE
                0x0380589c       0x28 C:\Program Files (x86)\VEX Robotics\VEXcode V5 Text\sdk/vexv5\libv5rt.a(vex_triport.cpp.obj)
                0x0380589c                vex::bumper::bumper(vex::triport::port&)
                0x0380589c                vex::bumper::bumper(vex::triport::port&)
 .text._ZN3vex6bumperD2Ev
                0x038058c4        0x4 C:\Program Files (x86)\VEX Robotics\VEXcode V5 Text\sdk/vexv5\libv5rt.a(vex_triport.cpp.obj)
                0x038058c4                vex::bumper::~bumper()
                0x038058c4                vex::bumper::~bumper()
 .text._ZN3vex6bumper5valueEv
                0x038058c8        0x8 C:\Program Files (x86)\VEX Robotics\VEXcode V5 Text\sdk/vexv5\libv5rt.a(vex_triport.cpp.obj)
                0x038058c8                vex::bumper::value()
 .text._ZN3vex11digital_outC2ERNS_7triport4portE
                0x038058d0       0x18 C:\Program Files (x86)\VEX Robotics\VEXcode V5 Text\sdk/vexv5\libv5rt.a(vex_triport.cpp.obj)
                0x038058d0                vex::digital_out::digital_out(vex::triport::port&)
                0x038058d0                vex::digital_out::digital_out(vex::triport::port&)
 .text._ZN3vex11digital_out5valueEv
                0x038058e8        0x8 C:\Program Files (x86)\VEX Robotics\VEXcode V5 Text\sdk/vexv5\libv5rt.a(vex_triport.cpp.obj)
                0x038058e8                vex::digital_out::value()
 .text._ZN3vex11digital_out3setEb
                0x038058f0        0x8 C:\Program Files (x86)\VEX Robotics\VEXcode V5 Text\sdk/vexv5\libv5rt.a(vex_triport.cpp.obj)
                0x038058f0                vex::digital_out::set(bool)
 .text._ZN3vex10pneumaticsC2ERNS_7triport4portE
                0x038058f8       0x14 C:\Program Files (x86)\VEX Robotics\VEXcode V5 Text\sdk/vexv5\libv5rt.a(vex_triport.cpp.obj)
                0x038058f8                vex::pneumatics::pneumatics(vex::triport::port&)
                0x038058f8                vex::pneumatics::pneumatics(vex::triport::port&)
 .text._ZN3vex10pneumaticsD2Ev
                0x0380590c        0x4 C:\Program Files (x86)\VEX Robotics\VEXcode V5 Text\sdk/vexv5\libv5rt.a(vex_triport.cpp.obj)
                0x0380590c                vex::pneumatics::~pneumatics()
                0x0380590c                vex::pneumatics::~pneumatics()
 .text.startup._GLOBAL__sub_I__ZN3vex7triportC2El
                0x03805910       0x30 C:\Program Files (x86)\VEX Robotics\VEXcode V5 Text\sdk/vexv5\libv5rt.a(vex_triport.cpp.obj)
 .text._ZN3vex5colorD2Ev
                0x03805940        0x4 C:\Program Files (x86)\VEX Robotics\VEXcode V5 Text\sdk/vexv5\libv5rt.a(vex_color.cpp.obj)
                0x03805940                vex::color::~color()
                0x03805940                vex::color::~color()
 .text.startup._GLOBAL__sub_I__ZN3vex5color5blackE
                0x03805944      0x164 C:\Program Files (x86)\VEX Robotics\VEXcode V5 Text\sdk/vexv5\libv5rt.a(vex_color.cpp.obj)
 .text._ZN3vex5timerD2Ev
                0x03805aa8        0x4 C:\Program Files (x86)\VEX Robotics\VEXcode V5 Text\sdk/vexv5\libv5rt.a(vex_timer.cpp.obj)
                0x03805aa8                vex::timer::~timer()
                0x03805aa8                vex::timer::~timer()
 .text._ZN3vex5timer5clearEv
                0x03805aac       0x1c C:\Program Files (x86)\VEX Robotics\VEXcode V5 Text\sdk/vexv5\libv5rt.a(vex_timer.cpp.obj)
                0x03805aac                vex::timer::clear()
 .text._ZN3vex5timerC2Ev
                0x03805ac8       0x14 C:\Program Files (x86)\VEX Robotics\VEXcode V5 Text\sdk/vexv5\libv5rt.a(vex_timer.cpp.obj)
                0x03805ac8                vex::timer::timer()
                0x03805ac8                vex::timer::timer()
 *fill*         0x03805adc        0x4 
 .text._ZNK3vex5timer4timeENS_9timeUnitsE
                0x03805ae0       0x40 C:\Program Files (x86)\VEX Robotics\VEXcode V5 Text\sdk/vexv5\libv5rt.a(vex_timer.cpp.obj)
                0x03805ae0                vex::timer::time(vex::timeUnits) const
 .text.__libc_fini_array
                0x03805b20       0x30 C:\Program Files (x86)\VEX Robotics\VEXcode V5 Text\sdk/vexv5/gcc/libs\libc.a(lib_a-fini.o)
                0x03805b20                __libc_fini_array
 .text.__libc_init_array
                0x03805b50       0x58 C:\Program Files (x86)\VEX Robotics\VEXcode V5 Text\sdk/vexv5/gcc/libs\libc.a(lib_a-init.o)
                0x03805b50                __libc_init_array
 .text.__libc_init_array.__stub
                0x03805ba8       0x18 linker stubs
 *(.gnu.linkonce.t.*)
 *(.plt)
 *(.gnu_warning)
 *(.gcc_except_table)
 *(.glue_7)
 .glue_7        0x00000000        0x0 linker stubs
 *(.glue_7t)
 .glue_7t       0x00000000        0x0 linker stubs
 *(.vfp11_veneer)
 .vfp11_veneer  0x00000000        0x0 linker stubs
 *(.ARM.extab)
 *(.gnu.linkonce.armextab.*)

.v4_bx          0x03805bc0        0x0
 .v4_bx         0x00000000        0x0 linker stubs

.iplt           0x03805bc0        0x0
 .iplt          0x00000000        0x0 build/src/main.o

.init
 *(.init)

.fini
 *(.fini)

.rodata         0x03805bc0      0x414
                0x03805bc0                __rodata_start = .
 *(.rodata)
 *(.rodata.*)
 .rodata.str1.1
                0x03805bc0      0x30e build/src/main.o
                                0x31d (size before relaxing)
 .rodata.str1.1
                0x03805ece       0x2e C:\Program Files (x86)\VEX Robotics\VEXcode V5 Text\sdk/vexv5\libv5rt.a(v5_startup.c.obj)
 .rodata._ZN3vex6PORT22E
                0x03805efc        0x4 C:\Program Files (x86)\VEX Robotics\VEXcode V5 Text\sdk/vexv5\libv5rt.a(vex_global.cpp.obj)
                0x03805efc                vex::PORT22
 .rodata._ZN3vex5PORT2E
                0x03805f00        0x4 C:\Program Files (x86)\VEX Robotics\VEXcode V5 Text\sdk/vexv5\libv5rt.a(vex_global.cpp.obj)
                0x03805f00                vex::PORT2
 .rodata._ZN3vex6PORT12E
                0x03805f04        0x4 C:\Program Files (x86)\VEX Robotics\VEXcode V5 Text\sdk/vexv5\libv5rt.a(vex_global.cpp.obj)
                0x03805f04                vex::PORT12
 .rodata._ZN3vex5PORT4E
                0x03805f08        0x4 C:\Program Files (x86)\VEX Robotics\VEXcode V5 Text\sdk/vexv5\libv5rt.a(vex_global.cpp.obj)
                0x03805f08                vex::PORT4
 .rodata._ZN3vex5PORT5E
                0x03805f0c        0x4 C:\Program Files (x86)\VEX Robotics\VEXcode V5 Text\sdk/vexv5\libv5rt.a(vex_global.cpp.obj)
                0x03805f0c                vex::PORT5
 .rodata._ZN3vex6PORT13E
                0x03805f10        0x4 C:\Program Files (x86)\VEX Robotics\VEXcode V5 Text\sdk/vexv5\libv5rt.a(vex_global.cpp.obj)
                0x03805f10                vex::PORT13
 .rodata._ZN3vex5PORT6E
                0x03805f14        0x4 C:\Program Files (x86)\VEX Robotics\VEXcode V5 Text\sdk/vexv5\libv5rt.a(vex_global.cpp.obj)
                0x03805f14                vex::PORT6
 .rodata._ZN3vex5PORT7E
                0x03805f18        0x4 C:\Program Files (x86)\VEX Robotics\VEXcode V5 Text\sdk/vexv5\libv5rt.a(vex_global.cpp.obj)
                0x03805f18                vex::PORT7
 .rodata._ZN3vex5PORT1E
                0x03805f1c        0x4 C:\Program Files (x86)\VEX Robotics\VEXcode V5 Text\sdk/vexv5\libv5rt.a(vex_global.cpp.obj)
                0x03805f1c                vex::PORT1
 .rodata._ZN3vex5PORT8E
                0x03805f20        0x4 C:\Program Files (x86)\VEX Robotics\VEXcode V5 Text\sdk/vexv5\libv5rt.a(vex_global.cpp.obj)
                0x03805f20                vex::PORT8
 .rodata._ZN3vex5PORT9E
                0x03805f24        0x4 C:\Program Files (x86)\VEX Robotics\VEXcode V5 Text\sdk/vexv5\libv5rt.a(vex_global.cpp.obj)
                0x03805f24                vex::PORT9
 .rodata._ZN3vex6PORT10E
                0x03805f28        0x4 C:\Program Files (x86)\VEX Robotics\VEXcode V5 Text\sdk/vexv5\libv5rt.a(vex_global.cpp.obj)
                0x03805f28                vex::PORT10
 .rodata._ZN3vex6PORT19E
                0x03805f2c        0x4 C:\Program Files (x86)\VEX Robotics\VEXcode V5 Text\sdk/vexv5\libv5rt.a(vex_global.cpp.obj)
                0x03805f2c                vex::PORT19
 .rodata._ZN3vex6PORT18E
                0x03805f30        0x4 C:\Program Files (x86)\VEX Robotics\VEXcode V5 Text\sdk/vexv5\libv5rt.a(vex_global.cpp.obj)
                0x03805f30                vex::PORT18
 .rodata._ZN3vex5PORT3E
                0x03805f34        0x4 C:\Program Files (x86)\VEX Robotics\VEXcode V5 Text\sdk/vexv5\libv5rt.a(vex_global.cpp.obj)
                0x03805f34                vex::PORT3
 .rodata._ZN3vex6PORT20E
                0x03805f38        0x4 C:\Program Files (x86)\VEX Robotics\VEXcode V5 Text\sdk/vexv5\libv5rt.a(vex_global.cpp.obj)
                0x03805f38                vex::PORT20
 *fill*         0x03805f3c        0x4 
 .rodata._ZTVN3vex6deviceE
                0x03805f40       0x10 C:\Program Files (x86)\VEX Robotics\VEXcode V5 Text\sdk/vexv5\libv5rt.a(vex_device.cpp.obj)
                0x03805f40                vtable for vex::device
 .rodata._ZTVN3vex5motorE
                0x03805f50       0x10 C:\Program Files (x86)\VEX Robotics\VEXcode V5 Text\sdk/vexv5\libv5rt.a(vex_motor.cpp.obj)
                0x03805f50                vtable for vex::motor
 .rodata.CSWTCH.15
                0x03805f60        0xb C:\Program Files (x86)\VEX Robotics\VEXcode V5 Text\sdk/vexv5\libv5rt.a(vex_controller.cpp.obj)
 .rodata.CSWTCH.17
                0x03805f6b        0xb C:\Program Files (x86)\VEX Robotics\VEXcode V5 Text\sdk/vexv5\libv5rt.a(vex_controller.cpp.obj)
 .rodata.CSWTCH.23
                0x03805f76        0x3 C:\Program Files (x86)\VEX Robotics\VEXcode V5 Text\sdk/vexv5\libv5rt.a(vex_controller.cpp.obj)
 .rodata.str1.1
                0x03805f79        0xa C:\Program Files (x86)\VEX Robotics\VEXcode V5 Text\sdk/vexv5\libv5rt.a(vex_task.cpp.obj)
 .rodata.str1.1
                0x03805f83       0x1a C:\Program Files (x86)\VEX Robotics\VEXcode V5 Text\sdk/vexv5\libv5rt.a(vex_brain.cpp.obj)
 *fill*         0x03805f9d        0x3 
 .rodata._ZTVN3vex7triportE
                0x03805fa0       0x10 C:\Program Files (x86)\VEX Robotics\VEXcode V5 Text\sdk/vexv5\libv5rt.a(vex_triport.cpp.obj)
                0x03805fa0                vtable for vex::triport
 .rodata.CSWTCH.30
                0x03805fb0       0x10 C:\Program Files (x86)\VEX Robotics\VEXcode V5 Text\sdk/vexv5\libv5rt.a(vex_triport.cpp.obj)
 .rodata.CSWTCH.25
                0x03805fc0        0xe C:\Program Files (x86)\VEX Robotics\VEXcode V5 Text\sdk/vexv5\libv5rt.a(vex_triport.cpp.obj)
 *fill*         0x03805fce        0x2 
 .rodata.str1.4
                0x03805fd0        0x4 C:\Program Files (x86)\VEX Robotics\VEXcode V5 Text\sdk/vexv5/gcc/libs\libc.a(lib_a-impure.o)
                                  0x2 (size before relaxing)
 *(.gnu.linkonce.r.*)
                0x03805fd4                __rodata_end = .

.rodata1        0x03805fd4        0x0
                0x03805fd4                __rodata1_start = .
 *(.rodata1)
 *(.rodata1.*)
                0x03805fd4                __rodata1_end = .

.sdata2         0x03805fd4        0x0
                0x03805fd4                __sdata2_start = .
 *(.sdata2)
 *(.sdata2.*)
 *(.gnu.linkonce.s2.*)
                0x03805fd4                __sdata2_end = .

.sbss2          0x03805fd4        0x0
                0x03805fd4                __sbss2_start = .
 *(.sbss2)
 *(.sbss2.*)
 *(.gnu.linkonce.sb2.*)
                0x03805fd4                __sbss2_end = .

.data           0x03805fd8      0x444
                0x03805fd8                __data_start = .
 *(.data)
 *(.data.*)
 .data.chassis_ration
                0x03805fd8        0x8 build/src/main.o
                0x03805fd8                chassis_ration
 .data.choose   0x03805fe0        0x4 build/src/main.o
                0x03805fe0                choose
 .data.appRunning
                0x03805fe4        0x4 C:\Program Files (x86)\VEX Robotics\VEXcode V5 Text\sdk/vexv5\libv5rt.a(v5_startup.c.obj)
                0x03805fe4                appRunning
 .data.__yoff   0x03805fe8        0x4 C:\Program Files (x86)\VEX Robotics\VEXcode V5 Text\sdk/vexv5\libv5rt.a(v5_apijump.c.obj)
 *fill*         0x03805fec        0x4 
 .data.impure_data
                0x03805ff0      0x428 C:\Program Files (x86)\VEX Robotics\VEXcode V5 Text\sdk/vexv5/gcc/libs\libc.a(lib_a-impure.o)
 .data._impure_ptr
                0x03806418        0x4 C:\Program Files (x86)\VEX Robotics\VEXcode V5 Text\sdk/vexv5/gcc/libs\libc.a(lib_a-impure.o)
                0x03806418                _impure_ptr
 *(.gnu.linkonce.d.*)
 *(.jcr)
 *(.got)
 *(.got.plt)
                0x0380641c                __data_end = .

.igot.plt       0x0380641c        0x0
 .igot.plt      0x00000000        0x0 build/src/main.o

.data1          0x0380641c        0x0
                0x0380641c                __data1_start = .
 *(.data1)
 *(.data1.*)
                0x0380641c                __data1_end = .

.got
 *(.got)

.ctors          0x0380641c        0x0
                0x0380641c                __CTOR_LIST__ = .
                0x0380641c                ___CTORS_LIST___ = .
 *crtbegin.o(.ctors)
 *(EXCLUDE_FILE(*crtend.o) .ctors)
 *(SORT(.ctors.*))
 *(.ctors)
                0x0380641c                __CTOR_END__ = .
                0x0380641c                ___CTORS_END___ = .

.dtors          0x0380641c        0x0
                0x0380641c                __DTOR_LIST__ = .
                0x0380641c                ___DTORS_LIST___ = .
 *crtbegin.o(.dtors)
 *(EXCLUDE_FILE(*crtend.o) .dtors)
 *(SORT(.dtors.*))
 *(.dtors)
                0x0380641c                __DTOR_END__ = .
                0x0380641c                ___DTORS_END___ = .

.fixup          0x0380641c        0x0
                0x0380641c                __fixup_start = .
 *(.fixup)
                0x0380641c                __fixup_end = .

.eh_frame
 *(.eh_frame)

.eh_framehdr    0x0380641c        0x0
                0x0380641c                __eh_framehdr_start = .
 *(.eh_framehdr)
                0x0380641c                __eh_framehdr_end = .

.gcc_except_table
 *(.gcc_except_table)

.mmu_tbl        0x03808000        0x0
                0x03808000                __mmu_tbl_start = .
 *(.mmu_tbl)
                0x03808000                __mmu_tbl_end = .

.ARM.exidx      0x0380641c        0x8
                0x0380641c                __exidx_start = .
 *(.ARM.exidx*)
 .ARM.exidx.text._ZN6Params8getValueEPc
                0x0380641c        0x8 build/src/main.o
 .ARM.exidx.text._ZN9GyroscopeC2Ev
                0x03806424        0x0 build/src/main.o
                                  0x8 (size before relaxing)
 .ARM.exidx.text._ZN5RobotC2Ei
                0x03806424        0x0 build/src/main.o
                                  0x8 (size before relaxing)
 .ARM.exidx.text._ZN7Chassis4MoveEdd
                0x03806424        0x0 build/src/main.o
                                  0x8 (size before relaxing)
 .ARM.exidx.text._Z4movedd
                0x03806424        0x0 build/src/main.o
                                  0x8 (size before relaxing)
 .ARM.exidx.text._ZN7Chassis12LeftVelocityEv
                0x03806424        0x0 build/src/main.o
                                  0x8 (size before relaxing)
 .ARM.exidx.text._ZN7Chassis13RightVelocityEv
                0x03806424        0x0 build/src/main.o
                                  0x8 (size before relaxing)
 .ARM.exidx.text._Z6Intakei
                0x03806424        0x0 build/src/main.o
                                  0x8 (size before relaxing)
 .ARM.exidx.text._Z4Pushi
                0x03806424        0x0 build/src/main.o
                                  0x8 (size before relaxing)
 .ARM.exidx.text._Z8PID_Pushv
                0x03806424        0x0 build/src/main.o
                                  0x8 (size before relaxing)
 .ARM.exidx.text._Z9Auto_Pushdd
                0x03806424        0x0 build/src/main.o
                                  0x8 (size before relaxing)
 .ARM.exidx.text._ZN7Chassis12LeftRotationEv
                0x03806424        0x0 build/src/main.o
                                  0x8 (size before relaxing)
 .ARM.exidx.text._ZN7Chassis13RightRotationEv
                0x03806424        0x0 build/src/main.o
                                  0x8 (size before relaxing)
 .ARM.exidx.text._Z4turnid
                0x03806424        0x0 build/src/main.o
                                  0x8 (size before relaxing)
 .ARM.exidx.text._ZN6Params8setValueEPcd
                0x03806424        0x0 build/src/main.o
                                  0x8 (size before relaxing)
 .ARM.exidx.text._ZN7Chassis5BrakeESs
                0x03806424        0x0 build/src/main.o
                                  0x8 (size before relaxing)
 .ARM.exidx.text._Z10goStraightidbd
                0x03806424        0x0 build/src/main.o
                                  0x8 (size before relaxing)
 .ARM.exidx.text._ZN7Chassis5ResetEv
                0x03806424        0x0 build/src/main.o
                                  0x8 (size before relaxing)
 .ARM.exidx.text._Z6Rotateidd
                0x03806424        0x0 build/src/main.o
                                  0x8 (size before relaxing)
 .ARM.exidx.text._Z4Bluev
                0x03806424        0x0 build/src/main.o
                                  0x8 (size before relaxing)
 .ARM.exidx.text._Z10autonomousv
                0x03806424        0x0 build/src/main.o
                                  0x8 (size before relaxing)
 .ARM.exidx.text._Z11usercontrolv
                0x03806424        0x0 build/src/main.o
                                  0x8 (size before relaxing)
 .ARM.exidx.text.main
                0x03806424        0x0 build/src/main.o
                                  0x8 (size before relaxing)
 .ARM.exidx.text._ZN9Gyroscope14getSensorAngleEv
                0x03806424        0x0 build/src/main.o
                                  0x8 (size before relaxing)
 .ARM.exidx.text._GLOBAL__sub_I_main.cpp
                0x03806424        0x0 build/src/main.o
                                  0x8 (size before relaxing)
 *(.gnu.linkonce.armexidix.*.*)
                0x03806424                __exidx_end = .

.rel.dyn        0x03806424        0x0
 .rel.iplt      0x00000000        0x0 build/src/main.o

.preinit_array  0x03806424        0x0
                0x03806424                __preinit_array_start = .
 *(SORT(.preinit_array.*))
 *(.preinit_array)
                0x03806424                __preinit_array_end = .

.init_array     0x03806424       0x10
                0x03806424                __init_array_start = .
 *(SORT(.init_array.*))
 *(.init_array)
 .init_array    0x03806424        0x4 build/src/main.o
 .init_array    0x03806428        0x4 C:\Program Files (x86)\VEX Robotics\VEXcode V5 Text\sdk/vexv5\libv5rt.a(vex_motor.cpp.obj)
 .init_array    0x0380642c        0x4 C:\Program Files (x86)\VEX Robotics\VEXcode V5 Text\sdk/vexv5\libv5rt.a(vex_triport.cpp.obj)
 .init_array    0x03806430        0x4 C:\Program Files (x86)\VEX Robotics\VEXcode V5 Text\sdk/vexv5\libv5rt.a(vex_color.cpp.obj)
                0x03806434                __init_array_end = .

.fini_array     0x03806434        0x0
                0x03806434                __fini_array_start = .
 *(SORT(.fini_array.*))
 *(.fini_array)
                0x03806434                __fini_array_end = .

.ARM.attributes
                0x03806434       0x3a
                0x03806434                __ARM.attributes_start = .
 *(.ARM.attributes)
 .ARM.attributes
                0x03806434       0x3a build/src/main.o
 .ARM.attributes
                0x0380646e       0x35 C:\Program Files (x86)\VEX Robotics\VEXcode V5 Text\sdk/vexv5\libv5rt.a(v5_startup.c.obj)
 .ARM.attributes
                0x038064a3       0x35 C:\Program Files (x86)\VEX Robotics\VEXcode V5 Text\sdk/vexv5\libv5rt.a(v5_util.c.obj)
 .ARM.attributes
                0x038064d8       0x35 C:\Program Files (x86)\VEX Robotics\VEXcode V5 Text\sdk/vexv5\libv5rt.a(v5_apijump.c.obj)
 .ARM.attributes
                0x0380650d       0x35 C:\Program Files (x86)\VEX Robotics\VEXcode V5 Text\sdk/vexv5\libv5rt.a(v5_apiuser.c.obj)
 .ARM.attributes
                0x03806542       0x35 C:\Program Files (x86)\VEX Robotics\VEXcode V5 Text\sdk/vexv5\libv5rt.a(v5_apiversions.c.obj)
 .ARM.attributes
                0x03806577       0x35 C:\Program Files (x86)\VEX Robotics\VEXcode V5 Text\sdk/vexv5\libv5rt.a(vex_global.cpp.obj)
 .ARM.attributes
                0x038065ac       0x35 C:\Program Files (x86)\VEX Robotics\VEXcode V5 Text\sdk/vexv5\libv5rt.a(vex_device.cpp.obj)
 .ARM.attributes
                0x038065e1       0x35 C:\Program Files (x86)\VEX Robotics\VEXcode V5 Text\sdk/vexv5\libv5rt.a(vex_motor.cpp.obj)
 .ARM.attributes
                0x03806616       0x35 C:\Program Files (x86)\VEX Robotics\VEXcode V5 Text\sdk/vexv5\libv5rt.a(vex_controller.cpp.obj)
 .ARM.attributes
                0x0380664b       0x35 C:\Program Files (x86)\VEX Robotics\VEXcode V5 Text\sdk/vexv5\libv5rt.a(vex_task.cpp.obj)
 .ARM.attributes
                0x03806680       0x35 C:\Program Files (x86)\VEX Robotics\VEXcode V5 Text\sdk/vexv5\libv5rt.a(vex_event.cpp.obj)
 .ARM.attributes
                0x038066b5       0x35 C:\Program Files (x86)\VEX Robotics\VEXcode V5 Text\sdk/vexv5\libv5rt.a(vex_mevent.cpp.obj)
 .ARM.attributes
                0x038066ea       0x35 C:\Program Files (x86)\VEX Robotics\VEXcode V5 Text\sdk/vexv5\libv5rt.a(vex_brain.cpp.obj)
 .ARM.attributes
                0x0380671f       0x35 C:\Program Files (x86)\VEX Robotics\VEXcode V5 Text\sdk/vexv5\libv5rt.a(vex_competition.cpp.obj)
 .ARM.attributes
                0x03806754       0x35 C:\Program Files (x86)\VEX Robotics\VEXcode V5 Text\sdk/vexv5\libv5rt.a(vex_triport.cpp.obj)
 .ARM.attributes
                0x03806789       0x35 C:\Program Files (x86)\VEX Robotics\VEXcode V5 Text\sdk/vexv5\libv5rt.a(vex_color.cpp.obj)
 .ARM.attributes
                0x038067be       0x35 C:\Program Files (x86)\VEX Robotics\VEXcode V5 Text\sdk/vexv5\libv5rt.a(vex_timer.cpp.obj)
 .ARM.attributes
                0x038067f3       0x2b C:\Program Files (x86)\VEX Robotics\VEXcode V5 Text\sdk/vexv5/gcc/libs\libc.a(lib_a-fini.o)
 .ARM.attributes
                0x0380681e       0x2b C:\Program Files (x86)\VEX Robotics\VEXcode V5 Text\sdk/vexv5/gcc/libs\libc.a(lib_a-impure.o)
 .ARM.attributes
                0x03806849       0x2b C:\Program Files (x86)\VEX Robotics\VEXcode V5 Text\sdk/vexv5/gcc/libs\libc.a(lib_a-init.o)
                0x03806874                __ARM.attributes_end = .

.sdata          0x03806434        0x0
                0x03806434                __sdata_start = .
 *(.sdata)
 *(.sdata.*)
 *(.gnu.linkonce.s.*)
                0x03806434                __sdata_end = .

.sbss           0x03806434        0x0
                0x03806434                __sbss_start = .
 *(.sbss)
 *(.sbss.*)
 *(.gnu.linkonce.sb.*)
                0x03806434                __sbss_end = .

.tdata          0x03806434        0x0
                0x03806434                __tdata_start = .
 *(.tdata)
 *(.tdata.*)
 *(.gnu.linkonce.td.*)
                0x03806434                __tdata_end = .

.tbss           0x03806434        0x0
                0x03806434                __tbss_start = .
 *(.tbss)
 *(.tbss.*)
 *(.gnu.linkonce.tb.*)
                0x03806434                __tbss_end = .

.bss            0x03806438      0xa14
                0x03806438                __bss_start = .
 *(.bss)
 *(.bss.*)
 .bss.Brain     0x03806438      0x2e0 build/src/main.o
                0x03806438                Brain
 .bss.Controller
                0x03806718      0x1e0 build/src/main.o
                0x03806718                Controller
 .bss.LeftWheel1
                0x038068f8       0x28 build/src/main.o
                0x038068f8                LeftWheel1
 .bss.LeftWheel2
                0x03806920       0x28 build/src/main.o
                0x03806920                LeftWheel2
 .bss.LeftWheel3
                0x03806948       0x28 build/src/main.o
                0x03806948                LeftWheel3
 .bss.LeftWheel4
                0x03806970       0x28 build/src/main.o
                0x03806970                LeftWheel4
 .bss.RightWheel1
                0x03806998       0x28 build/src/main.o
                0x03806998                RightWheel1
 .bss.RightWheel2
                0x038069c0       0x28 build/src/main.o
                0x038069c0                RightWheel2
 .bss.RightWheel3
                0x038069e8       0x28 build/src/main.o
                0x038069e8                RightWheel3
 .bss.RightWheel4
                0x03806a10       0x28 build/src/main.o
                0x03806a10                RightWheel4
 .bss.LeftIntake
                0x03806a38       0x28 build/src/main.o
                0x03806a38                LeftIntake
 .bss.RightIntake
                0x03806a60       0x28 build/src/main.o
                0x03806a60                RightIntake
 .bss.LeftUpIntake
                0x03806a88       0x28 build/src/main.o
                0x03806a88                LeftUpIntake
 .bss.RightUpIntake
                0x03806ab0       0x28 build/src/main.o
                0x03806ab0                RightUpIntake
 .bss.LeftPush  0x03806ad8       0x28 build/src/main.o
                0x03806ad8                LeftPush
 .bss.RightPush
                0x03806b00       0x28 build/src/main.o
                0x03806b00                RightPush
 .bss.myGyroscope
                0x03806b28       0x28 build/src/main.o
                0x03806b28                myGyroscope
 .bss.pneumatics_close
                0x03806b50       0x18 build/src/main.o
                0x03806b50                pneumatics_close
 .bss.pneumatics_open
                0x03806b68       0x18 build/src/main.o
                0x03806b68                pneumatics_open
 .bss.PushBumper
                0x03806b80       0x20 build/src/main.o
                0x03806b80                PushBumper
 .bss.ChooseLimit
                0x03806ba0       0x20 build/src/main.o
                0x03806ba0                ChooseLimit
 .bss.params    0x03806bc0       0xa0 build/src/main.o
                0x03806bc0                params
 .bss.mygyro    0x03806c60      0x100 build/src/main.o
                0x03806c60                mygyro
 .bss.robot     0x03806d60       0x40 build/src/main.o
                0x03806d60                robot
 .bss.Competition
                0x03806da0       0x28 build/src/main.o
                0x03806da0                Competition
 .bss.__dso_handle
                0x03806dc8        0x4 C:\Program Files (x86)\VEX Robotics\VEXcode V5 Text\sdk/vexv5\libv5rt.a(v5_startup.c.obj)
                0x03806dc8                __dso_handle
 .bss._ZStL8__ioinit
                0x03806dcc        0x1 C:\Program Files (x86)\VEX Robotics\VEXcode V5 Text\sdk/vexv5\libv5rt.a(vex_motor.cpp.obj)
 *fill*         0x03806dcd        0x3 
 .bss._ZN3vex4task8_labelIdE
                0x03806dd0        0x4 C:\Program Files (x86)\VEX Robotics\VEXcode V5 Text\sdk/vexv5\libv5rt.a(vex_task.cpp.obj)
                0x03806dd0                vex::task::_labelId
 .bss._ZN3vex11competition22bStopTasksBetweenModesE
                0x03806dd4        0x1 C:\Program Files (x86)\VEX Robotics\VEXcode V5 Text\sdk/vexv5\libv5rt.a(vex_competition.cpp.obj)
                0x03806dd4                vex::competition::bStopTasksBetweenModes
 .bss._ZN3vex11competition25bStopAllTasksBetweenModesE
                0x03806dd5        0x1 C:\Program Files (x86)\VEX Robotics\VEXcode V5 Text\sdk/vexv5\libv5rt.a(vex_competition.cpp.obj)
                0x03806dd5                vex::competition::bStopAllTasksBetweenModes
 .bss._ZN3vex11competition14_auton_pendingE
                0x03806dd6        0x1 C:\Program Files (x86)\VEX Robotics\VEXcode V5 Text\sdk/vexv5\libv5rt.a(vex_competition.cpp.obj)
                0x03806dd6                vex::competition::_auton_pending
 *fill*         0x03806dd7        0x1 
 .bss._ZN3vex11competition20_autonomous_callbackE
                0x03806dd8        0x4 C:\Program Files (x86)\VEX Robotics\VEXcode V5 Text\sdk/vexv5\libv5rt.a(vex_competition.cpp.obj)
                0x03806dd8                vex::competition::_autonomous_callback
 .bss._ZN3vex11competition23_drivercontrol_callbackE
                0x03806ddc        0x4 C:\Program Files (x86)\VEX Robotics\VEXcode V5 Text\sdk/vexv5\libv5rt.a(vex_competition.cpp.obj)
                0x03806ddc                vex::competition::_drivercontrol_callback
 .bss._ZN3vex11competition15_driver_pendingE
                0x03806de0        0x1 C:\Program Files (x86)\VEX Robotics\VEXcode V5 Text\sdk/vexv5\libv5rt.a(vex_competition.cpp.obj)
                0x03806de0                vex::competition::_driver_pending
 .bss._ZStL8__ioinit
                0x03806de1        0x1 C:\Program Files (x86)\VEX Robotics\VEXcode V5 Text\sdk/vexv5\libv5rt.a(vex_triport.cpp.obj)
 *fill*         0x03806de2        0x2 
 .bss._ZN3vex5color6orangeE
                0x03806de4        0x8 C:\Program Files (x86)\VEX Robotics\VEXcode V5 Text\sdk/vexv5\libv5rt.a(vex_color.cpp.obj)
                0x03806de4                vex::color::orange
 .bss._ZN3vex5color5blackE
                0x03806dec        0x8 C:\Program Files (x86)\VEX Robotics\VEXcode V5 Text\sdk/vexv5\libv5rt.a(vex_color.cpp.obj)
                0x03806dec                vex::color::black
 .bss._ZN3vex5color6yellowE
                0x03806df4        0x8 C:\Program Files (x86)\VEX Robotics\VEXcode V5 Text\sdk/vexv5\libv5rt.a(vex_color.cpp.obj)
                0x03806df4                vex::color::yellow
 .bss._ZN3vex5color5greenE
                0x03806dfc        0x8 C:\Program Files (x86)\VEX Robotics\VEXcode V5 Text\sdk/vexv5\libv5rt.a(vex_color.cpp.obj)
                0x03806dfc                vex::color::green
 .bss._ZN3vex5color6purpleE
                0x03806e04        0x8 C:\Program Files (x86)\VEX Robotics\VEXcode V5 Text\sdk/vexv5\libv5rt.a(vex_color.cpp.obj)
                0x03806e04                vex::color::purple
 .bss._ZN3vex5color4cyanE
                0x03806e0c        0x8 C:\Program Files (x86)\VEX Robotics\VEXcode V5 Text\sdk/vexv5\libv5rt.a(vex_color.cpp.obj)
                0x03806e0c                vex::color::cyan
 .bss._ZN3vex5color4blueE
                0x03806e14        0x8 C:\Program Files (x86)\VEX Robotics\VEXcode V5 Text\sdk/vexv5\libv5rt.a(vex_color.cpp.obj)
                0x03806e14                vex::color::blue
 .bss._ZN3vex5color3redE
                0x03806e1c        0x8 C:\Program Files (x86)\VEX Robotics\VEXcode V5 Text\sdk/vexv5\libv5rt.a(vex_color.cpp.obj)
                0x03806e1c                vex::color::red
 .bss._ZN3vex5color11transparentE
                0x03806e24        0x8 C:\Program Files (x86)\VEX Robotics\VEXcode V5 Text\sdk/vexv5\libv5rt.a(vex_color.cpp.obj)
                0x03806e24                vex::color::transparent
 .bss._ZN3vex5color5whiteE
                0x03806e2c        0x8 C:\Program Files (x86)\VEX Robotics\VEXcode V5 Text\sdk/vexv5\libv5rt.a(vex_color.cpp.obj)
                0x03806e2c                vex::color::white
 *(.gnu.linkonce.b.*)
 *(COMMON)
 COMMON         0x03806e34       0x18 C:\Program Files (x86)\VEX Robotics\VEXcode V5 Text\sdk/vexv5\libv5rt.a(v5_startup.c.obj)
                0x03806e38                __vex_critical_section
                0x03806e4c                __bss_end = .
                0x03806434                _SDA_BASE_ = (__sdata_start + ((__sbss_end - __sdata_start) / 0x2))
                0x03805fd4                _SDA2_BASE_ = (__sdata2_start + ((__sbss2_end - __sdata2_start) / 0x2))

.heap           0x03806e4c   0x100004
                0x03806e50                . = ALIGN (0x10)
 *fill*         0x03806e4c        0x4 
                0x03806e50                _heap = .
                0x03806e50                HeapBase = .
                0x03806e50                _heap_start = .
                0x03906e50                . = (. + _HEAP_SIZE)
 *fill*         0x03806e50   0x100000 
                0x03906e50                _heap_end = .
                0x03906e50                HeapLimit = .

.stack          0x03906e50     0x3800
                0x03906e50                . = ALIGN (0x10)
                0x03906e50                _stack_end = .
                0x03908e50                . = (. + _STACK_SIZE)
 *fill*         0x03906e50     0x2000 
                0x03908e50                . = ALIGN (0x10)
                0x03908e50                _stack = .
                0x03908e50                __stack = _stack
                0x03908e50                . = ALIGN (0x10)
                0x03908e50                _irq_stack_end = .
                0x03909250                . = (. + _IRQ_STACK_SIZE)
 *fill*         0x03908e50      0x400 
                0x03909250                . = ALIGN (0x10)
                0x03909250                __irq_stack = .
                0x03909250                _supervisor_stack_end = .
                0x03909a50                . = (. + _SUPERVISOR_STACK_SIZE)
 *fill*         0x03909250      0x800 
                0x03909a50                . = ALIGN (0x10)
                0x03909a50                __supervisor_stack = .
                0x03909a50                _abort_stack_end = .
                0x03909e50                . = (. + _ABORT_STACK_SIZE)
 *fill*         0x03909a50      0x400 
                0x03909e50                . = ALIGN (0x10)
                0x03909e50                __abort_stack = .
                0x03909e50                _fiq_stack_end = .
                0x0390a250                . = (. + _FIQ_STACK_SIZE)
 *fill*         0x03909e50      0x400 
                0x0390a250                . = ALIGN (0x10)
                0x0390a250                __fiq_stack = .
                0x0390a250                _undef_stack_end = .
                0x0390a650                . = (. + _UNDEF_STACK_SIZE)
 *fill*         0x0390a250      0x400 
                0x0390a650                . = ALIGN (0x10)
                0x0390a650                __undef_stack = .
                0x0390a650                _end = .
LOAD C:\Program Files (x86)\VEX Robotics\VEXcode V5 Text\sdk/vexv5/stdlib_0.lib
LOAD build/src/main.o
START GROUP
LOAD C:\Program Files (x86)\VEX Robotics\VEXcode V5 Text\sdk/vexv5\libv5rt.a
LOAD C:\Program Files (x86)\VEX Robotics\VEXcode V5 Text\sdk/vexv5/gcc/libs\libstdc++.a
LOAD C:\Program Files (x86)\VEX Robotics\VEXcode V5 Text\sdk/vexv5/gcc/libs\libc.a
LOAD C:\Program Files (x86)\VEX Robotics\VEXcode V5 Text\sdk/vexv5/gcc/libs\libm.a
LOAD C:\Program Files (x86)\VEX Robotics\VEXcode V5 Text\sdk/vexv5/gcc/libs\libgcc.a
END GROUP
OUTPUT(build/SmallRobot7.elf elf32-littlearm)

.comment        0x00000000       0x9d
 .comment       0x00000000       0x2d build/src/main.o
                                 0x2e (size before relaxing)
 .comment       0x0000002d       0x70 C:\Program Files (x86)\VEX Robotics\VEXcode V5 Text\sdk/vexv5\libv5rt.a(v5_startup.c.obj)
                                 0x71 (size before relaxing)
 .comment       0x00000000       0x71 C:\Program Files (x86)\VEX Robotics\VEXcode V5 Text\sdk/vexv5\libv5rt.a(v5_util.c.obj)
 .comment       0x00000000       0x71 C:\Program Files (x86)\VEX Robotics\VEXcode V5 Text\sdk/vexv5\libv5rt.a(v5_apijump.c.obj)
 .comment       0x00000000       0x71 C:\Program Files (x86)\VEX Robotics\VEXcode V5 Text\sdk/vexv5\libv5rt.a(v5_apiuser.c.obj)
 .comment       0x00000000       0x71 C:\Program Files (x86)\VEX Robotics\VEXcode V5 Text\sdk/vexv5\libv5rt.a(v5_apiversions.c.obj)
 .comment       0x00000000       0x71 C:\Program Files (x86)\VEX Robotics\VEXcode V5 Text\sdk/vexv5\libv5rt.a(vex_global.cpp.obj)
 .comment       0x00000000       0x71 C:\Program Files (x86)\VEX Robotics\VEXcode V5 Text\sdk/vexv5\libv5rt.a(vex_device.cpp.obj)
 .comment       0x00000000       0x71 C:\Program Files (x86)\VEX Robotics\VEXcode V5 Text\sdk/vexv5\libv5rt.a(vex_motor.cpp.obj)
 .comment       0x00000000       0x71 C:\Program Files (x86)\VEX Robotics\VEXcode V5 Text\sdk/vexv5\libv5rt.a(vex_controller.cpp.obj)
 .comment       0x00000000       0x71 C:\Program Files (x86)\VEX Robotics\VEXcode V5 Text\sdk/vexv5\libv5rt.a(vex_task.cpp.obj)
 .comment       0x00000000       0x71 C:\Program Files (x86)\VEX Robotics\VEXcode V5 Text\sdk/vexv5\libv5rt.a(vex_event.cpp.obj)
 .comment       0x00000000       0x71 C:\Program Files (x86)\VEX Robotics\VEXcode V5 Text\sdk/vexv5\libv5rt.a(vex_mevent.cpp.obj)
 .comment       0x00000000       0x71 C:\Program Files (x86)\VEX Robotics\VEXcode V5 Text\sdk/vexv5\libv5rt.a(vex_brain.cpp.obj)
 .comment       0x00000000       0x71 C:\Program Files (x86)\VEX Robotics\VEXcode V5 Text\sdk/vexv5\libv5rt.a(vex_competition.cpp.obj)
 .comment       0x00000000       0x71 C:\Program Files (x86)\VEX Robotics\VEXcode V5 Text\sdk/vexv5\libv5rt.a(vex_triport.cpp.obj)
 .comment       0x00000000       0x71 C:\Program Files (x86)\VEX Robotics\VEXcode V5 Text\sdk/vexv5\libv5rt.a(vex_color.cpp.obj)
 .comment       0x00000000       0x71 C:\Program Files (x86)\VEX Robotics\VEXcode V5 Text\sdk/vexv5\libv5rt.a(vex_timer.cpp.obj)

.note.GNU-stack
                0x00000000        0x0
 .note.GNU-stack
                0x00000000        0x0 build/src/main.o

.debug_frame    0x00000000       0x60
 .debug_frame   0x00000000       0x34 C:\Program Files (x86)\VEX Robotics\VEXcode V5 Text\sdk/vexv5/gcc/libs\libc.a(lib_a-fini.o)
 .debug_frame   0x00000034       0x2c C:\Program Files (x86)\VEX Robotics\VEXcode V5 Text\sdk/vexv5/gcc/libs\libc.a(lib_a-init.o)
